[0.037s] DEBUG:colcon:Command line arguments: ['/usr/bin/colcon', 'build', '--packages-select', 'sensor_tools']
[0.037s] DEBUG:colcon:Parsed command line arguments: Namespace(log_base=None, log_level=None, verb_name='build', build_base='build', install_base='install', merge_install=False, symlink_install=False, test_result_base=None, continue_on_error=False, executor='parallel', parallel_workers=24, event_handlers=None, ignore_user_meta=False, metas=['./colcon.meta'], base_paths=['.'], packages_ignore=None, packages_ignore_regex=None, paths=None, packages_up_to=None, packages_up_to_regex=None, packages_above=None, packages_above_and_dependencies=None, packages_above_depth=None, packages_select_by_dep=None, packages_skip_by_dep=None, packages_skip_up_to=None, packages_select_build_failed=False, packages_skip_build_finished=False, packages_select_test_failures=False, packages_skip_test_passed=False, packages_select=['sensor_tools'], packages_skip=None, packages_select_regex=None, packages_skip_regex=None, packages_start=None, packages_end=None, allow_overriding=[], cmake_args=None, cmake_target=None, cmake_target_skip_unavailable=False, cmake_clean_cache=False, cmake_clean_first=False, cmake_force_configure=False, ament_cmake_args=None, catkin_cmake_args=None, catkin_skip_building_tests=False, verb_parser=<colcon_defaults.argument_parser.defaults.DefaultArgumentsDecorator object at 0x72d596fa3a60>, verb_extension=<colcon_core.verb.build.BuildVerb object at 0x72d5971a5360>, main=<bound method BuildVerb.main of <colcon_core.verb.build.BuildVerb object at 0x72d5971a5360>>)
[0.053s] Level 1:colcon.colcon_core.package_discovery:discover_packages(colcon_meta) check parameters
[0.053s] Level 1:colcon.colcon_core.package_discovery:discover_packages(recursive) check parameters
[0.053s] Level 1:colcon.colcon_core.package_discovery:discover_packages(ignore) check parameters
[0.053s] Level 1:colcon.colcon_core.package_discovery:discover_packages(path) check parameters
[0.053s] Level 1:colcon.colcon_core.package_discovery:discover_packages(colcon_meta) discover
[0.053s] Level 1:colcon.colcon_core.package_discovery:discover_packages(recursive) discover
[0.053s] INFO:colcon.colcon_core.package_discovery:Crawling recursively for packages in '/root/pika_ros'
[0.053s] Level 1:colcon.colcon_core.package_identification:_identify(.) by extensions ['ignore', 'ignore_ament_install']
[0.053s] Level 1:colcon.colcon_core.package_identification:_identify(.) by extension 'ignore'
[0.053s] Level 1:colcon.colcon_core.package_identification:_identify(.) by extension 'ignore_ament_install'
[0.053s] Level 1:colcon.colcon_core.package_identification:_identify(.) by extensions ['colcon_pkg']
[0.053s] Level 1:colcon.colcon_core.package_identification:_identify(.) by extension 'colcon_pkg'
[0.053s] Level 1:colcon.colcon_core.package_identification:_identify(.) by extensions ['colcon_meta']
[0.053s] Level 1:colcon.colcon_core.package_identification:_identify(.) by extension 'colcon_meta'
[0.053s] Level 1:colcon.colcon_core.package_identification:_identify(.) by extensions ['ros']
[0.053s] Level 1:colcon.colcon_core.package_identification:_identify(.) by extension 'ros'
[0.063s] Level 1:colcon.colcon_core.package_identification:_identify(.) by extensions ['cmake', 'python']
[0.064s] Level 1:colcon.colcon_core.package_identification:_identify(.) by extension 'cmake'
[0.064s] Level 1:colcon.colcon_core.package_identification:_identify(.) by extension 'python'
[0.064s] Level 1:colcon.colcon_core.package_identification:_identify(.) by extensions ['python_setup_py']
[0.064s] Level 1:colcon.colcon_core.package_identification:_identify(.) by extension 'python_setup_py'
[0.064s] Level 1:colcon.colcon_core.package_identification:_identify(build) by extensions ['ignore', 'ignore_ament_install']
[0.064s] Level 1:colcon.colcon_core.package_identification:_identify(build) by extension 'ignore'
[0.064s] Level 1:colcon.colcon_core.package_identification:_identify(build) ignored
[0.064s] Level 1:colcon.colcon_core.package_identification:_identify(img) by extensions ['ignore', 'ignore_ament_install']
[0.064s] Level 1:colcon.colcon_core.package_identification:_identify(img) by extension 'ignore'
[0.064s] Level 1:colcon.colcon_core.package_identification:_identify(img) by extension 'ignore_ament_install'
[0.064s] Level 1:colcon.colcon_core.package_identification:_identify(img) by extensions ['colcon_pkg']
[0.064s] Level 1:colcon.colcon_core.package_identification:_identify(img) by extension 'colcon_pkg'
[0.064s] Level 1:colcon.colcon_core.package_identification:_identify(img) by extensions ['colcon_meta']
[0.064s] Level 1:colcon.colcon_core.package_identification:_identify(img) by extension 'colcon_meta'
[0.064s] Level 1:colcon.colcon_core.package_identification:_identify(img) by extensions ['ros']
[0.064s] Level 1:colcon.colcon_core.package_identification:_identify(img) by extension 'ros'
[0.064s] Level 1:colcon.colcon_core.package_identification:_identify(img) by extensions ['cmake', 'python']
[0.064s] Level 1:colcon.colcon_core.package_identification:_identify(img) by extension 'cmake'
[0.064s] Level 1:colcon.colcon_core.package_identification:_identify(img) by extension 'python'
[0.064s] Level 1:colcon.colcon_core.package_identification:_identify(img) by extensions ['python_setup_py']
[0.064s] Level 1:colcon.colcon_core.package_identification:_identify(img) by extension 'python_setup_py'
[0.064s] Level 1:colcon.colcon_core.package_identification:_identify(install) by extensions ['ignore', 'ignore_ament_install']
[0.064s] Level 1:colcon.colcon_core.package_identification:_identify(install) by extension 'ignore'
[0.064s] Level 1:colcon.colcon_core.package_identification:_identify(install) ignored
[0.064s] Level 1:colcon.colcon_core.package_identification:_identify(log) by extensions ['ignore', 'ignore_ament_install']
[0.064s] Level 1:colcon.colcon_core.package_identification:_identify(log) by extension 'ignore'
[0.064s] Level 1:colcon.colcon_core.package_identification:_identify(log) ignored
[0.064s] Level 1:colcon.colcon_core.package_identification:_identify(scripts) by extensions ['ignore', 'ignore_ament_install']
[0.064s] Level 1:colcon.colcon_core.package_identification:_identify(scripts) by extension 'ignore'
[0.064s] Level 1:colcon.colcon_core.package_identification:_identify(scripts) by extension 'ignore_ament_install'
[0.064s] Level 1:colcon.colcon_core.package_identification:_identify(scripts) by extensions ['colcon_pkg']
[0.064s] Level 1:colcon.colcon_core.package_identification:_identify(scripts) by extension 'colcon_pkg'
[0.064s] Level 1:colcon.colcon_core.package_identification:_identify(scripts) by extensions ['colcon_meta']
[0.064s] Level 1:colcon.colcon_core.package_identification:_identify(scripts) by extension 'colcon_meta'
[0.064s] Level 1:colcon.colcon_core.package_identification:_identify(scripts) by extensions ['ros']
[0.064s] Level 1:colcon.colcon_core.package_identification:_identify(scripts) by extension 'ros'
[0.064s] Level 1:colcon.colcon_core.package_identification:_identify(scripts) by extensions ['cmake', 'python']
[0.064s] Level 1:colcon.colcon_core.package_identification:_identify(scripts) by extension 'cmake'
[0.064s] Level 1:colcon.colcon_core.package_identification:_identify(scripts) by extension 'python'
[0.064s] Level 1:colcon.colcon_core.package_identification:_identify(scripts) by extensions ['python_setup_py']
[0.064s] Level 1:colcon.colcon_core.package_identification:_identify(scripts) by extension 'python_setup_py'
[0.064s] Level 1:colcon.colcon_core.package_identification:_identify(scripts/build) by extensions ['ignore', 'ignore_ament_install']
[0.064s] Level 1:colcon.colcon_core.package_identification:_identify(scripts/build) by extension 'ignore'
[0.064s] Level 1:colcon.colcon_core.package_identification:_identify(scripts/build) ignored
[0.064s] Level 1:colcon.colcon_core.package_identification:_identify(scripts/install) by extensions ['ignore', 'ignore_ament_install']
[0.064s] Level 1:colcon.colcon_core.package_identification:_identify(scripts/install) by extension 'ignore'
[0.064s] Level 1:colcon.colcon_core.package_identification:_identify(scripts/install) ignored
[0.064s] Level 1:colcon.colcon_core.package_identification:_identify(scripts/log) by extensions ['ignore', 'ignore_ament_install']
[0.064s] Level 1:colcon.colcon_core.package_identification:_identify(scripts/log) by extension 'ignore'
[0.064s] Level 1:colcon.colcon_core.package_identification:_identify(scripts/log) ignored
[0.065s] Level 1:colcon.colcon_core.package_identification:_identify(source) by extensions ['ignore', 'ignore_ament_install']
[0.065s] Level 1:colcon.colcon_core.package_identification:_identify(source) by extension 'ignore'
[0.065s] Level 1:colcon.colcon_core.package_identification:_identify(source) by extension 'ignore_ament_install'
[0.065s] Level 1:colcon.colcon_core.package_identification:_identify(source) by extensions ['colcon_pkg']
[0.065s] Level 1:colcon.colcon_core.package_identification:_identify(source) by extension 'colcon_pkg'
[0.065s] Level 1:colcon.colcon_core.package_identification:_identify(source) by extensions ['colcon_meta']
[0.065s] Level 1:colcon.colcon_core.package_identification:_identify(source) by extension 'colcon_meta'
[0.065s] Level 1:colcon.colcon_core.package_identification:_identify(source) by extensions ['ros']
[0.065s] Level 1:colcon.colcon_core.package_identification:_identify(source) by extension 'ros'
[0.065s] Level 1:colcon.colcon_core.package_identification:_identify(source) by extensions ['cmake', 'python']
[0.065s] Level 1:colcon.colcon_core.package_identification:_identify(source) by extension 'cmake'
[0.065s] Level 1:colcon.colcon_core.package_identification:_identify(source) by extension 'python'
[0.065s] Level 1:colcon.colcon_core.package_identification:_identify(source) by extensions ['python_setup_py']
[0.065s] Level 1:colcon.colcon_core.package_identification:_identify(source) by extension 'python_setup_py'
[0.065s] Level 1:colcon.colcon_core.package_identification:_identify(src) by extensions ['ignore', 'ignore_ament_install']
[0.065s] Level 1:colcon.colcon_core.package_identification:_identify(src) by extension 'ignore'
[0.065s] Level 1:colcon.colcon_core.package_identification:_identify(src) by extension 'ignore_ament_install'
[0.065s] Level 1:colcon.colcon_core.package_identification:_identify(src) by extensions ['colcon_pkg']
[0.065s] Level 1:colcon.colcon_core.package_identification:_identify(src) by extension 'colcon_pkg'
[0.065s] Level 1:colcon.colcon_core.package_identification:_identify(src) by extensions ['colcon_meta']
[0.065s] Level 1:colcon.colcon_core.package_identification:_identify(src) by extension 'colcon_meta'
[0.065s] Level 1:colcon.colcon_core.package_identification:_identify(src) by extensions ['ros']
[0.065s] Level 1:colcon.colcon_core.package_identification:_identify(src) by extension 'ros'
[0.065s] Level 1:colcon.colcon_core.package_identification:_identify(src) by extensions ['cmake', 'python']
[0.065s] Level 1:colcon.colcon_core.package_identification:_identify(src) by extension 'cmake'
[0.065s] Level 1:colcon.colcon_core.package_identification:_identify(src) by extension 'python'
[0.065s] Level 1:colcon.colcon_core.package_identification:_identify(src) by extensions ['python_setup_py']
[0.065s] Level 1:colcon.colcon_core.package_identification:_identify(src) by extension 'python_setup_py'
[0.065s] Level 1:colcon.colcon_core.package_identification:_identify(src/PikaAnyArm) by extensions ['ignore', 'ignore_ament_install']
[0.065s] Level 1:colcon.colcon_core.package_identification:_identify(src/PikaAnyArm) by extension 'ignore'
[0.065s] Level 1:colcon.colcon_core.package_identification:_identify(src/PikaAnyArm) by extension 'ignore_ament_install'
[0.065s] Level 1:colcon.colcon_core.package_identification:_identify(src/PikaAnyArm) by extensions ['colcon_pkg']
[0.065s] Level 1:colcon.colcon_core.package_identification:_identify(src/PikaAnyArm) by extension 'colcon_pkg'
[0.065s] Level 1:colcon.colcon_core.package_identification:_identify(src/PikaAnyArm) by extensions ['colcon_meta']
[0.065s] Level 1:colcon.colcon_core.package_identification:_identify(src/PikaAnyArm) by extension 'colcon_meta'
[0.065s] Level 1:colcon.colcon_core.package_identification:_identify(src/PikaAnyArm) by extensions ['ros']
[0.065s] Level 1:colcon.colcon_core.package_identification:_identify(src/PikaAnyArm) by extension 'ros'
[0.065s] Level 1:colcon.colcon_core.package_identification:_identify(src/PikaAnyArm) by extensions ['cmake', 'python']
[0.065s] Level 1:colcon.colcon_core.package_identification:_identify(src/PikaAnyArm) by extension 'cmake'
[0.065s] Level 1:colcon.colcon_core.package_identification:_identify(src/PikaAnyArm) by extension 'python'
[0.065s] Level 1:colcon.colcon_core.package_identification:_identify(src/PikaAnyArm) by extensions ['python_setup_py']
[0.065s] Level 1:colcon.colcon_core.package_identification:_identify(src/PikaAnyArm) by extension 'python_setup_py'
[0.065s] Level 1:colcon.colcon_core.package_identification:_identify(src/PikaAnyArm/docs_img) by extensions ['ignore', 'ignore_ament_install']
[0.065s] Level 1:colcon.colcon_core.package_identification:_identify(src/PikaAnyArm/docs_img) by extension 'ignore'
[0.065s] Level 1:colcon.colcon_core.package_identification:_identify(src/PikaAnyArm/docs_img) by extension 'ignore_ament_install'
[0.065s] Level 1:colcon.colcon_core.package_identification:_identify(src/PikaAnyArm/docs_img) by extensions ['colcon_pkg']
[0.065s] Level 1:colcon.colcon_core.package_identification:_identify(src/PikaAnyArm/docs_img) by extension 'colcon_pkg'
[0.065s] Level 1:colcon.colcon_core.package_identification:_identify(src/PikaAnyArm/docs_img) by extensions ['colcon_meta']
[0.065s] Level 1:colcon.colcon_core.package_identification:_identify(src/PikaAnyArm/docs_img) by extension 'colcon_meta'
[0.065s] Level 1:colcon.colcon_core.package_identification:_identify(src/PikaAnyArm/docs_img) by extensions ['ros']
[0.065s] Level 1:colcon.colcon_core.package_identification:_identify(src/PikaAnyArm/docs_img) by extension 'ros'
[0.065s] Level 1:colcon.colcon_core.package_identification:_identify(src/PikaAnyArm/docs_img) by extensions ['cmake', 'python']
[0.065s] Level 1:colcon.colcon_core.package_identification:_identify(src/PikaAnyArm/docs_img) by extension 'cmake'
[0.065s] Level 1:colcon.colcon_core.package_identification:_identify(src/PikaAnyArm/docs_img) by extension 'python'
[0.065s] Level 1:colcon.colcon_core.package_identification:_identify(src/PikaAnyArm/docs_img) by extensions ['python_setup_py']
[0.065s] Level 1:colcon.colcon_core.package_identification:_identify(src/PikaAnyArm/docs_img) by extension 'python_setup_py'
[0.065s] Level 1:colcon.colcon_core.package_identification:_identify(src/PikaAnyArm/piper) by extensions ['ignore', 'ignore_ament_install']
[0.065s] Level 1:colcon.colcon_core.package_identification:_identify(src/PikaAnyArm/piper) by extension 'ignore'
[0.065s] Level 1:colcon.colcon_core.package_identification:_identify(src/PikaAnyArm/piper) by extension 'ignore_ament_install'
[0.065s] Level 1:colcon.colcon_core.package_identification:_identify(src/PikaAnyArm/piper) by extensions ['colcon_pkg']
[0.065s] Level 1:colcon.colcon_core.package_identification:_identify(src/PikaAnyArm/piper) by extension 'colcon_pkg'
[0.065s] Level 1:colcon.colcon_core.package_identification:_identify(src/PikaAnyArm/piper) by extensions ['colcon_meta']
[0.065s] Level 1:colcon.colcon_core.package_identification:_identify(src/PikaAnyArm/piper) by extension 'colcon_meta'
[0.065s] Level 1:colcon.colcon_core.package_identification:_identify(src/PikaAnyArm/piper) by extensions ['ros']
[0.065s] Level 1:colcon.colcon_core.package_identification:_identify(src/PikaAnyArm/piper) by extension 'ros'
[0.065s] Level 1:colcon.colcon_core.package_identification:_identify(src/PikaAnyArm/piper) by extensions ['cmake', 'python']
[0.065s] Level 1:colcon.colcon_core.package_identification:_identify(src/PikaAnyArm/piper) by extension 'cmake'
[0.065s] Level 1:colcon.colcon_core.package_identification:_identify(src/PikaAnyArm/piper) by extension 'python'
[0.065s] Level 1:colcon.colcon_core.package_identification:_identify(src/PikaAnyArm/piper) by extensions ['python_setup_py']
[0.065s] Level 1:colcon.colcon_core.package_identification:_identify(src/PikaAnyArm/piper) by extension 'python_setup_py'
[0.066s] Level 1:colcon.colcon_core.package_identification:_identify(src/PikaAnyArm/piper/pika_remote_piper) by extensions ['ignore', 'ignore_ament_install']
[0.066s] Level 1:colcon.colcon_core.package_identification:_identify(src/PikaAnyArm/piper/pika_remote_piper) by extension 'ignore'
[0.066s] Level 1:colcon.colcon_core.package_identification:_identify(src/PikaAnyArm/piper/pika_remote_piper) by extension 'ignore_ament_install'
[0.066s] Level 1:colcon.colcon_core.package_identification:_identify(src/PikaAnyArm/piper/pika_remote_piper) by extensions ['colcon_pkg']
[0.066s] Level 1:colcon.colcon_core.package_identification:_identify(src/PikaAnyArm/piper/pika_remote_piper) by extension 'colcon_pkg'
[0.066s] Level 1:colcon.colcon_core.package_identification:_identify(src/PikaAnyArm/piper/pika_remote_piper) by extensions ['colcon_meta']
[0.066s] Level 1:colcon.colcon_core.package_identification:_identify(src/PikaAnyArm/piper/pika_remote_piper) by extension 'colcon_meta'
[0.066s] Level 1:colcon.colcon_core.package_identification:_identify(src/PikaAnyArm/piper/pika_remote_piper) by extensions ['ros']
[0.066s] Level 1:colcon.colcon_core.package_identification:_identify(src/PikaAnyArm/piper/pika_remote_piper) by extension 'ros'
[0.067s] DEBUG:colcon.colcon_core.package_identification:Package 'src/PikaAnyArm/piper/pika_remote_piper' with type 'ros.ament_cmake' and name 'pika_remote_piper'
[0.067s] Level 1:colcon.colcon_core.package_identification:_identify(src/PikaAnyArm/piper/piper_ros) by extensions ['ignore', 'ignore_ament_install']
[0.067s] Level 1:colcon.colcon_core.package_identification:_identify(src/PikaAnyArm/piper/piper_ros) by extension 'ignore'
[0.067s] Level 1:colcon.colcon_core.package_identification:_identify(src/PikaAnyArm/piper/piper_ros) by extension 'ignore_ament_install'
[0.067s] Level 1:colcon.colcon_core.package_identification:_identify(src/PikaAnyArm/piper/piper_ros) by extensions ['colcon_pkg']
[0.067s] Level 1:colcon.colcon_core.package_identification:_identify(src/PikaAnyArm/piper/piper_ros) by extension 'colcon_pkg'
[0.067s] Level 1:colcon.colcon_core.package_identification:_identify(src/PikaAnyArm/piper/piper_ros) by extensions ['colcon_meta']
[0.067s] Level 1:colcon.colcon_core.package_identification:_identify(src/PikaAnyArm/piper/piper_ros) by extension 'colcon_meta'
[0.067s] Level 1:colcon.colcon_core.package_identification:_identify(src/PikaAnyArm/piper/piper_ros) by extensions ['ros']
[0.067s] Level 1:colcon.colcon_core.package_identification:_identify(src/PikaAnyArm/piper/piper_ros) by extension 'ros'
[0.067s] Level 1:colcon.colcon_core.package_identification:_identify(src/PikaAnyArm/piper/piper_ros) by extensions ['cmake', 'python']
[0.067s] Level 1:colcon.colcon_core.package_identification:_identify(src/PikaAnyArm/piper/piper_ros) by extension 'cmake'
[0.067s] Level 1:colcon.colcon_core.package_identification:_identify(src/PikaAnyArm/piper/piper_ros) by extension 'python'
[0.067s] Level 1:colcon.colcon_core.package_identification:_identify(src/PikaAnyArm/piper/piper_ros) by extensions ['python_setup_py']
[0.067s] Level 1:colcon.colcon_core.package_identification:_identify(src/PikaAnyArm/piper/piper_ros) by extension 'python_setup_py'
[0.067s] Level 1:colcon.colcon_core.package_identification:_identify(src/PikaAnyArm/piper/piper_ros/asserts) by extensions ['ignore', 'ignore_ament_install']
[0.067s] Level 1:colcon.colcon_core.package_identification:_identify(src/PikaAnyArm/piper/piper_ros/asserts) by extension 'ignore'
[0.067s] Level 1:colcon.colcon_core.package_identification:_identify(src/PikaAnyArm/piper/piper_ros/asserts) by extension 'ignore_ament_install'
[0.067s] Level 1:colcon.colcon_core.package_identification:_identify(src/PikaAnyArm/piper/piper_ros/asserts) by extensions ['colcon_pkg']
[0.067s] Level 1:colcon.colcon_core.package_identification:_identify(src/PikaAnyArm/piper/piper_ros/asserts) by extension 'colcon_pkg'
[0.067s] Level 1:colcon.colcon_core.package_identification:_identify(src/PikaAnyArm/piper/piper_ros/asserts) by extensions ['colcon_meta']
[0.067s] Level 1:colcon.colcon_core.package_identification:_identify(src/PikaAnyArm/piper/piper_ros/asserts) by extension 'colcon_meta'
[0.067s] Level 1:colcon.colcon_core.package_identification:_identify(src/PikaAnyArm/piper/piper_ros/asserts) by extensions ['ros']
[0.067s] Level 1:colcon.colcon_core.package_identification:_identify(src/PikaAnyArm/piper/piper_ros/asserts) by extension 'ros'
[0.067s] Level 1:colcon.colcon_core.package_identification:_identify(src/PikaAnyArm/piper/piper_ros/asserts) by extensions ['cmake', 'python']
[0.067s] Level 1:colcon.colcon_core.package_identification:_identify(src/PikaAnyArm/piper/piper_ros/asserts) by extension 'cmake'
[0.067s] Level 1:colcon.colcon_core.package_identification:_identify(src/PikaAnyArm/piper/piper_ros/asserts) by extension 'python'
[0.067s] Level 1:colcon.colcon_core.package_identification:_identify(src/PikaAnyArm/piper/piper_ros/asserts) by extensions ['python_setup_py']
[0.067s] Level 1:colcon.colcon_core.package_identification:_identify(src/PikaAnyArm/piper/piper_ros/asserts) by extension 'python_setup_py'
[0.067s] Level 1:colcon.colcon_core.package_identification:_identify(src/PikaAnyArm/piper/piper_ros/asserts/pictures) by extensions ['ignore', 'ignore_ament_install']
[0.067s] Level 1:colcon.colcon_core.package_identification:_identify(src/PikaAnyArm/piper/piper_ros/asserts/pictures) by extension 'ignore'
[0.067s] Level 1:colcon.colcon_core.package_identification:_identify(src/PikaAnyArm/piper/piper_ros/asserts/pictures) by extension 'ignore_ament_install'
[0.067s] Level 1:colcon.colcon_core.package_identification:_identify(src/PikaAnyArm/piper/piper_ros/asserts/pictures) by extensions ['colcon_pkg']
[0.067s] Level 1:colcon.colcon_core.package_identification:_identify(src/PikaAnyArm/piper/piper_ros/asserts/pictures) by extension 'colcon_pkg'
[0.067s] Level 1:colcon.colcon_core.package_identification:_identify(src/PikaAnyArm/piper/piper_ros/asserts/pictures) by extensions ['colcon_meta']
[0.067s] Level 1:colcon.colcon_core.package_identification:_identify(src/PikaAnyArm/piper/piper_ros/asserts/pictures) by extension 'colcon_meta'
[0.067s] Level 1:colcon.colcon_core.package_identification:_identify(src/PikaAnyArm/piper/piper_ros/asserts/pictures) by extensions ['ros']
[0.067s] Level 1:colcon.colcon_core.package_identification:_identify(src/PikaAnyArm/piper/piper_ros/asserts/pictures) by extension 'ros'
[0.067s] Level 1:colcon.colcon_core.package_identification:_identify(src/PikaAnyArm/piper/piper_ros/asserts/pictures) by extensions ['cmake', 'python']
[0.067s] Level 1:colcon.colcon_core.package_identification:_identify(src/PikaAnyArm/piper/piper_ros/asserts/pictures) by extension 'cmake'
[0.067s] Level 1:colcon.colcon_core.package_identification:_identify(src/PikaAnyArm/piper/piper_ros/asserts/pictures) by extension 'python'
[0.067s] Level 1:colcon.colcon_core.package_identification:_identify(src/PikaAnyArm/piper/piper_ros/asserts/pictures) by extensions ['python_setup_py']
[0.067s] Level 1:colcon.colcon_core.package_identification:_identify(src/PikaAnyArm/piper/piper_ros/asserts/pictures) by extension 'python_setup_py'
[0.068s] Level 1:colcon.colcon_core.package_identification:_identify(src/PikaAnyArm/piper/piper_ros/src) by extensions ['ignore', 'ignore_ament_install']
[0.068s] Level 1:colcon.colcon_core.package_identification:_identify(src/PikaAnyArm/piper/piper_ros/src) by extension 'ignore'
[0.068s] Level 1:colcon.colcon_core.package_identification:_identify(src/PikaAnyArm/piper/piper_ros/src) by extension 'ignore_ament_install'
[0.068s] Level 1:colcon.colcon_core.package_identification:_identify(src/PikaAnyArm/piper/piper_ros/src) by extensions ['colcon_pkg']
[0.068s] Level 1:colcon.colcon_core.package_identification:_identify(src/PikaAnyArm/piper/piper_ros/src) by extension 'colcon_pkg'
[0.068s] Level 1:colcon.colcon_core.package_identification:_identify(src/PikaAnyArm/piper/piper_ros/src) by extensions ['colcon_meta']
[0.068s] Level 1:colcon.colcon_core.package_identification:_identify(src/PikaAnyArm/piper/piper_ros/src) by extension 'colcon_meta'
[0.068s] Level 1:colcon.colcon_core.package_identification:_identify(src/PikaAnyArm/piper/piper_ros/src) by extensions ['ros']
[0.068s] Level 1:colcon.colcon_core.package_identification:_identify(src/PikaAnyArm/piper/piper_ros/src) by extension 'ros'
[0.068s] Level 1:colcon.colcon_core.package_identification:_identify(src/PikaAnyArm/piper/piper_ros/src) by extensions ['cmake', 'python']
[0.068s] Level 1:colcon.colcon_core.package_identification:_identify(src/PikaAnyArm/piper/piper_ros/src) by extension 'cmake'
[0.068s] Level 1:colcon.colcon_core.package_identification:_identify(src/PikaAnyArm/piper/piper_ros/src) by extension 'python'
[0.068s] Level 1:colcon.colcon_core.package_identification:_identify(src/PikaAnyArm/piper/piper_ros/src) by extensions ['python_setup_py']
[0.068s] Level 1:colcon.colcon_core.package_identification:_identify(src/PikaAnyArm/piper/piper_ros/src) by extension 'python_setup_py'
[0.068s] Level 1:colcon.colcon_core.package_identification:_identify(src/PikaAnyArm/piper/piper_ros/src/piper) by extensions ['ignore', 'ignore_ament_install']
[0.068s] Level 1:colcon.colcon_core.package_identification:_identify(src/PikaAnyArm/piper/piper_ros/src/piper) by extension 'ignore'
[0.068s] Level 1:colcon.colcon_core.package_identification:_identify(src/PikaAnyArm/piper/piper_ros/src/piper) by extension 'ignore_ament_install'
[0.068s] Level 1:colcon.colcon_core.package_identification:_identify(src/PikaAnyArm/piper/piper_ros/src/piper) by extensions ['colcon_pkg']
[0.068s] Level 1:colcon.colcon_core.package_identification:_identify(src/PikaAnyArm/piper/piper_ros/src/piper) by extension 'colcon_pkg'
[0.068s] Level 1:colcon.colcon_core.package_identification:_identify(src/PikaAnyArm/piper/piper_ros/src/piper) by extensions ['colcon_meta']
[0.068s] Level 1:colcon.colcon_core.package_identification:_identify(src/PikaAnyArm/piper/piper_ros/src/piper) by extension 'colcon_meta'
[0.068s] Level 1:colcon.colcon_core.package_identification:_identify(src/PikaAnyArm/piper/piper_ros/src/piper) by extensions ['ros']
[0.068s] Level 1:colcon.colcon_core.package_identification:_identify(src/PikaAnyArm/piper/piper_ros/src/piper) by extension 'ros'
[0.068s] DEBUG:colcon.colcon_core.package_identification:Package 'src/PikaAnyArm/piper/piper_ros/src/piper' with type 'ros.ament_python' and name 'piper'
[0.068s] Level 1:colcon.colcon_core.package_identification:_identify(src/PikaAnyArm/piper/piper_ros/src/piper_description) by extensions ['ignore', 'ignore_ament_install']
[0.068s] Level 1:colcon.colcon_core.package_identification:_identify(src/PikaAnyArm/piper/piper_ros/src/piper_description) by extension 'ignore'
[0.068s] Level 1:colcon.colcon_core.package_identification:_identify(src/PikaAnyArm/piper/piper_ros/src/piper_description) by extension 'ignore_ament_install'
[0.068s] Level 1:colcon.colcon_core.package_identification:_identify(src/PikaAnyArm/piper/piper_ros/src/piper_description) by extensions ['colcon_pkg']
[0.068s] Level 1:colcon.colcon_core.package_identification:_identify(src/PikaAnyArm/piper/piper_ros/src/piper_description) by extension 'colcon_pkg'
[0.068s] Level 1:colcon.colcon_core.package_identification:_identify(src/PikaAnyArm/piper/piper_ros/src/piper_description) by extensions ['colcon_meta']
[0.068s] Level 1:colcon.colcon_core.package_identification:_identify(src/PikaAnyArm/piper/piper_ros/src/piper_description) by extension 'colcon_meta'
[0.068s] Level 1:colcon.colcon_core.package_identification:_identify(src/PikaAnyArm/piper/piper_ros/src/piper_description) by extensions ['ros']
[0.068s] Level 1:colcon.colcon_core.package_identification:_identify(src/PikaAnyArm/piper/piper_ros/src/piper_description) by extension 'ros'
[0.068s] DEBUG:colcon.colcon_core.package_identification:Package 'src/PikaAnyArm/piper/piper_ros/src/piper_description' with type 'ros.ament_cmake' and name 'piper_description'
[0.068s] Level 1:colcon.colcon_core.package_identification:_identify(src/PikaAnyArm/piper/piper_ros/src/piper_msgs) by extensions ['ignore', 'ignore_ament_install']
[0.068s] Level 1:colcon.colcon_core.package_identification:_identify(src/PikaAnyArm/piper/piper_ros/src/piper_msgs) by extension 'ignore'
[0.069s] Level 1:colcon.colcon_core.package_identification:_identify(src/PikaAnyArm/piper/piper_ros/src/piper_msgs) by extension 'ignore_ament_install'
[0.069s] Level 1:colcon.colcon_core.package_identification:_identify(src/PikaAnyArm/piper/piper_ros/src/piper_msgs) by extensions ['colcon_pkg']
[0.069s] Level 1:colcon.colcon_core.package_identification:_identify(src/PikaAnyArm/piper/piper_ros/src/piper_msgs) by extension 'colcon_pkg'
[0.069s] Level 1:colcon.colcon_core.package_identification:_identify(src/PikaAnyArm/piper/piper_ros/src/piper_msgs) by extensions ['colcon_meta']
[0.069s] Level 1:colcon.colcon_core.package_identification:_identify(src/PikaAnyArm/piper/piper_ros/src/piper_msgs) by extension 'colcon_meta'
[0.069s] Level 1:colcon.colcon_core.package_identification:_identify(src/PikaAnyArm/piper/piper_ros/src/piper_msgs) by extensions ['ros']
[0.069s] Level 1:colcon.colcon_core.package_identification:_identify(src/PikaAnyArm/piper/piper_ros/src/piper_msgs) by extension 'ros'
[0.069s] DEBUG:colcon.colcon_core.package_identification:Package 'src/PikaAnyArm/piper/piper_ros/src/piper_msgs' with type 'ros.ament_cmake' and name 'piper_msgs'
[0.069s] Level 1:colcon.colcon_core.package_identification:_identify(src/data_msgs) by extensions ['ignore', 'ignore_ament_install']
[0.069s] Level 1:colcon.colcon_core.package_identification:_identify(src/data_msgs) by extension 'ignore'
[0.069s] Level 1:colcon.colcon_core.package_identification:_identify(src/data_msgs) by extension 'ignore_ament_install'
[0.069s] Level 1:colcon.colcon_core.package_identification:_identify(src/data_msgs) by extensions ['colcon_pkg']
[0.069s] Level 1:colcon.colcon_core.package_identification:_identify(src/data_msgs) by extension 'colcon_pkg'
[0.069s] Level 1:colcon.colcon_core.package_identification:_identify(src/data_msgs) by extensions ['colcon_meta']
[0.069s] Level 1:colcon.colcon_core.package_identification:_identify(src/data_msgs) by extension 'colcon_meta'
[0.069s] Level 1:colcon.colcon_core.package_identification:_identify(src/data_msgs) by extensions ['ros']
[0.069s] Level 1:colcon.colcon_core.package_identification:_identify(src/data_msgs) by extension 'ros'
[0.069s] DEBUG:colcon.colcon_core.package_identification:Package 'src/data_msgs' with type 'ros.ament_cmake' and name 'data_msgs'
[0.069s] Level 1:colcon.colcon_core.package_identification:_identify(src/data_tools) by extensions ['ignore', 'ignore_ament_install']
[0.069s] Level 1:colcon.colcon_core.package_identification:_identify(src/data_tools) by extension 'ignore'
[0.069s] Level 1:colcon.colcon_core.package_identification:_identify(src/data_tools) by extension 'ignore_ament_install'
[0.069s] Level 1:colcon.colcon_core.package_identification:_identify(src/data_tools) by extensions ['colcon_pkg']
[0.069s] Level 1:colcon.colcon_core.package_identification:_identify(src/data_tools) by extension 'colcon_pkg'
[0.069s] Level 1:colcon.colcon_core.package_identification:_identify(src/data_tools) by extensions ['colcon_meta']
[0.069s] Level 1:colcon.colcon_core.package_identification:_identify(src/data_tools) by extension 'colcon_meta'
[0.069s] Level 1:colcon.colcon_core.package_identification:_identify(src/data_tools) by extensions ['ros']
[0.069s] Level 1:colcon.colcon_core.package_identification:_identify(src/data_tools) by extension 'ros'
[0.070s] DEBUG:colcon.colcon_core.package_identification:Package 'src/data_tools' with type 'ros.ament_cmake' and name 'data_tools'
[0.070s] Level 1:colcon.colcon_core.package_identification:_identify(src/realsense-ros) by extensions ['ignore', 'ignore_ament_install']
[0.070s] Level 1:colcon.colcon_core.package_identification:_identify(src/realsense-ros) by extension 'ignore'
[0.070s] Level 1:colcon.colcon_core.package_identification:_identify(src/realsense-ros) by extension 'ignore_ament_install'
[0.070s] Level 1:colcon.colcon_core.package_identification:_identify(src/realsense-ros) by extensions ['colcon_pkg']
[0.070s] Level 1:colcon.colcon_core.package_identification:_identify(src/realsense-ros) by extension 'colcon_pkg'
[0.070s] Level 1:colcon.colcon_core.package_identification:_identify(src/realsense-ros) by extensions ['colcon_meta']
[0.070s] Level 1:colcon.colcon_core.package_identification:_identify(src/realsense-ros) by extension 'colcon_meta'
[0.070s] Level 1:colcon.colcon_core.package_identification:_identify(src/realsense-ros) by extensions ['ros']
[0.070s] Level 1:colcon.colcon_core.package_identification:_identify(src/realsense-ros) by extension 'ros'
[0.070s] Level 1:colcon.colcon_core.package_identification:_identify(src/realsense-ros) by extensions ['cmake', 'python']
[0.070s] Level 1:colcon.colcon_core.package_identification:_identify(src/realsense-ros) by extension 'cmake'
[0.070s] Level 1:colcon.colcon_core.package_identification:_identify(src/realsense-ros) by extension 'python'
[0.070s] Level 1:colcon.colcon_core.package_identification:_identify(src/realsense-ros) by extensions ['python_setup_py']
[0.070s] Level 1:colcon.colcon_core.package_identification:_identify(src/realsense-ros) by extension 'python_setup_py'
[0.070s] Level 1:colcon.colcon_core.package_identification:_identify(src/realsense-ros/realsense2_camera) by extensions ['ignore', 'ignore_ament_install']
[0.070s] Level 1:colcon.colcon_core.package_identification:_identify(src/realsense-ros/realsense2_camera) by extension 'ignore'
[0.070s] Level 1:colcon.colcon_core.package_identification:_identify(src/realsense-ros/realsense2_camera) by extension 'ignore_ament_install'
[0.070s] Level 1:colcon.colcon_core.package_identification:_identify(src/realsense-ros/realsense2_camera) by extensions ['colcon_pkg']
[0.070s] Level 1:colcon.colcon_core.package_identification:_identify(src/realsense-ros/realsense2_camera) by extension 'colcon_pkg'
[0.070s] Level 1:colcon.colcon_core.package_identification:_identify(src/realsense-ros/realsense2_camera) by extensions ['colcon_meta']
[0.070s] Level 1:colcon.colcon_core.package_identification:_identify(src/realsense-ros/realsense2_camera) by extension 'colcon_meta'
[0.070s] Level 1:colcon.colcon_core.package_identification:_identify(src/realsense-ros/realsense2_camera) by extensions ['ros']
[0.070s] Level 1:colcon.colcon_core.package_identification:_identify(src/realsense-ros/realsense2_camera) by extension 'ros'
[0.073s] DEBUG:colcon.colcon_core.package_identification:Package 'src/realsense-ros/realsense2_camera' with type 'ros.ament_cmake' and name 'realsense2_camera'
[0.073s] Level 1:colcon.colcon_core.package_identification:_identify(src/realsense-ros/realsense2_camera_msgs) by extensions ['ignore', 'ignore_ament_install']
[0.073s] Level 1:colcon.colcon_core.package_identification:_identify(src/realsense-ros/realsense2_camera_msgs) by extension 'ignore'
[0.073s] Level 1:colcon.colcon_core.package_identification:_identify(src/realsense-ros/realsense2_camera_msgs) by extension 'ignore_ament_install'
[0.073s] Level 1:colcon.colcon_core.package_identification:_identify(src/realsense-ros/realsense2_camera_msgs) by extensions ['colcon_pkg']
[0.073s] Level 1:colcon.colcon_core.package_identification:_identify(src/realsense-ros/realsense2_camera_msgs) by extension 'colcon_pkg'
[0.073s] Level 1:colcon.colcon_core.package_identification:_identify(src/realsense-ros/realsense2_camera_msgs) by extensions ['colcon_meta']
[0.073s] Level 1:colcon.colcon_core.package_identification:_identify(src/realsense-ros/realsense2_camera_msgs) by extension 'colcon_meta'
[0.073s] Level 1:colcon.colcon_core.package_identification:_identify(src/realsense-ros/realsense2_camera_msgs) by extensions ['ros']
[0.073s] Level 1:colcon.colcon_core.package_identification:_identify(src/realsense-ros/realsense2_camera_msgs) by extension 'ros'
[0.073s] DEBUG:colcon.colcon_core.package_identification:Package 'src/realsense-ros/realsense2_camera_msgs' with type 'ros.ament_cmake' and name 'realsense2_camera_msgs'
[0.073s] Level 1:colcon.colcon_core.package_identification:_identify(src/realsense-ros/realsense2_description) by extensions ['ignore', 'ignore_ament_install']
[0.073s] Level 1:colcon.colcon_core.package_identification:_identify(src/realsense-ros/realsense2_description) by extension 'ignore'
[0.073s] Level 1:colcon.colcon_core.package_identification:_identify(src/realsense-ros/realsense2_description) by extension 'ignore_ament_install'
[0.073s] Level 1:colcon.colcon_core.package_identification:_identify(src/realsense-ros/realsense2_description) by extensions ['colcon_pkg']
[0.073s] Level 1:colcon.colcon_core.package_identification:_identify(src/realsense-ros/realsense2_description) by extension 'colcon_pkg'
[0.073s] Level 1:colcon.colcon_core.package_identification:_identify(src/realsense-ros/realsense2_description) by extensions ['colcon_meta']
[0.073s] Level 1:colcon.colcon_core.package_identification:_identify(src/realsense-ros/realsense2_description) by extension 'colcon_meta'
[0.073s] Level 1:colcon.colcon_core.package_identification:_identify(src/realsense-ros/realsense2_description) by extensions ['ros']
[0.073s] Level 1:colcon.colcon_core.package_identification:_identify(src/realsense-ros/realsense2_description) by extension 'ros'
[0.074s] DEBUG:colcon.colcon_core.package_identification:Package 'src/realsense-ros/realsense2_description' with type 'ros.ament_cmake' and name 'realsense2_description'
[0.074s] Level 1:colcon.colcon_core.package_identification:_identify(src/realsense-ros/scripts) by extensions ['ignore', 'ignore_ament_install']
[0.074s] Level 1:colcon.colcon_core.package_identification:_identify(src/realsense-ros/scripts) by extension 'ignore'
[0.074s] Level 1:colcon.colcon_core.package_identification:_identify(src/realsense-ros/scripts) by extension 'ignore_ament_install'
[0.074s] Level 1:colcon.colcon_core.package_identification:_identify(src/realsense-ros/scripts) by extensions ['colcon_pkg']
[0.074s] Level 1:colcon.colcon_core.package_identification:_identify(src/realsense-ros/scripts) by extension 'colcon_pkg'
[0.074s] Level 1:colcon.colcon_core.package_identification:_identify(src/realsense-ros/scripts) by extensions ['colcon_meta']
[0.074s] Level 1:colcon.colcon_core.package_identification:_identify(src/realsense-ros/scripts) by extension 'colcon_meta'
[0.074s] Level 1:colcon.colcon_core.package_identification:_identify(src/realsense-ros/scripts) by extensions ['ros']
[0.074s] Level 1:colcon.colcon_core.package_identification:_identify(src/realsense-ros/scripts) by extension 'ros'
[0.074s] Level 1:colcon.colcon_core.package_identification:_identify(src/realsense-ros/scripts) by extensions ['cmake', 'python']
[0.074s] Level 1:colcon.colcon_core.package_identification:_identify(src/realsense-ros/scripts) by extension 'cmake'
[0.074s] Level 1:colcon.colcon_core.package_identification:_identify(src/realsense-ros/scripts) by extension 'python'
[0.074s] Level 1:colcon.colcon_core.package_identification:_identify(src/realsense-ros/scripts) by extensions ['python_setup_py']
[0.074s] Level 1:colcon.colcon_core.package_identification:_identify(src/realsense-ros/scripts) by extension 'python_setup_py'
[0.074s] Level 1:colcon.colcon_core.package_identification:_identify(src/sensor_tools) by extensions ['ignore', 'ignore_ament_install']
[0.074s] Level 1:colcon.colcon_core.package_identification:_identify(src/sensor_tools) by extension 'ignore'
[0.074s] Level 1:colcon.colcon_core.package_identification:_identify(src/sensor_tools) by extension 'ignore_ament_install'
[0.074s] Level 1:colcon.colcon_core.package_identification:_identify(src/sensor_tools) by extensions ['colcon_pkg']
[0.074s] Level 1:colcon.colcon_core.package_identification:_identify(src/sensor_tools) by extension 'colcon_pkg'
[0.074s] Level 1:colcon.colcon_core.package_identification:_identify(src/sensor_tools) by extensions ['colcon_meta']
[0.074s] Level 1:colcon.colcon_core.package_identification:_identify(src/sensor_tools) by extension 'colcon_meta'
[0.074s] Level 1:colcon.colcon_core.package_identification:_identify(src/sensor_tools) by extensions ['ros']
[0.074s] Level 1:colcon.colcon_core.package_identification:_identify(src/sensor_tools) by extension 'ros'
[0.074s] DEBUG:colcon.colcon_core.package_identification:Package 'src/sensor_tools' with type 'ros.ament_cmake' and name 'sensor_tools'
[0.074s] Level 1:colcon.colcon_core.package_discovery:discover_packages(recursive) using defaults
[0.074s] Level 1:colcon.colcon_core.package_discovery:discover_packages(ignore) discover
[0.074s] Level 1:colcon.colcon_core.package_discovery:discover_packages(ignore) using defaults
[0.074s] Level 1:colcon.colcon_core.package_discovery:discover_packages(path) discover
[0.074s] Level 1:colcon.colcon_core.package_discovery:discover_packages(path) using defaults
[0.083s] INFO:colcon.colcon_core.package_selection:Skipping not selected package 'data_msgs' in 'src/data_msgs'
[0.083s] INFO:colcon.colcon_core.package_selection:Skipping not selected package 'data_tools' in 'src/data_tools'
[0.083s] INFO:colcon.colcon_core.package_selection:Skipping not selected package 'piper' in 'src/PikaAnyArm/piper/piper_ros/src/piper'
[0.083s] INFO:colcon.colcon_core.package_selection:Skipping not selected package 'piper_description' in 'src/PikaAnyArm/piper/piper_ros/src/piper_description'
[0.083s] INFO:colcon.colcon_core.package_selection:Skipping not selected package 'piper_msgs' in 'src/PikaAnyArm/piper/piper_ros/src/piper_msgs'
[0.083s] INFO:colcon.colcon_core.package_selection:Skipping not selected package 'realsense2_camera_msgs' in 'src/realsense-ros/realsense2_camera_msgs'
[0.083s] INFO:colcon.colcon_core.package_selection:Skipping not selected package 'pika_remote_piper' in 'src/PikaAnyArm/piper/pika_remote_piper'
[0.083s] INFO:colcon.colcon_core.package_selection:Skipping not selected package 'realsense2_camera' in 'src/realsense-ros/realsense2_camera'
[0.083s] INFO:colcon.colcon_core.package_selection:Skipping not selected package 'realsense2_description' in 'src/realsense-ros/realsense2_description'
[0.083s] Level 1:colcon.colcon_core.package_discovery:discover_packages(prefix_path) check parameters
[0.083s] Level 1:colcon.colcon_core.package_discovery:discover_packages(prefix_path) discover
[0.084s] DEBUG:colcon.colcon_installed_package_information.package_discovery:Found 315 installed packages in /opt/ros/humble
[0.084s] Level 1:colcon.colcon_core.package_discovery:discover_packages(prefix_path) using defaults
[0.102s] Level 5:colcon.colcon_core.verb:set package 'sensor_tools' build argument 'cmake_args' from command line to 'None'
[0.102s] Level 5:colcon.colcon_core.verb:set package 'sensor_tools' build argument 'cmake_target' from command line to 'None'
[0.102s] Level 5:colcon.colcon_core.verb:set package 'sensor_tools' build argument 'cmake_target_skip_unavailable' from command line to 'False'
[0.102s] Level 5:colcon.colcon_core.verb:set package 'sensor_tools' build argument 'cmake_clean_cache' from command line to 'False'
[0.102s] Level 5:colcon.colcon_core.verb:set package 'sensor_tools' build argument 'cmake_clean_first' from command line to 'False'
[0.102s] Level 5:colcon.colcon_core.verb:set package 'sensor_tools' build argument 'cmake_force_configure' from command line to 'False'
[0.102s] Level 5:colcon.colcon_core.verb:set package 'sensor_tools' build argument 'ament_cmake_args' from command line to 'None'
[0.102s] Level 5:colcon.colcon_core.verb:set package 'sensor_tools' build argument 'catkin_cmake_args' from command line to 'None'
[0.102s] Level 5:colcon.colcon_core.verb:set package 'sensor_tools' build argument 'catkin_skip_building_tests' from command line to 'False'
[0.102s] DEBUG:colcon.colcon_core.verb:Building package 'sensor_tools' with the following arguments: {'ament_cmake_args': None, 'build_base': '/root/pika_ros/build/sensor_tools', 'catkin_cmake_args': None, 'catkin_skip_building_tests': False, 'cmake_args': None, 'cmake_clean_cache': False, 'cmake_clean_first': False, 'cmake_force_configure': False, 'cmake_target': None, 'cmake_target_skip_unavailable': False, 'install_base': '/root/pika_ros/install/sensor_tools', 'merge_install': False, 'path': '/root/pika_ros/src/sensor_tools', 'symlink_install': False, 'test_result_base': None}
[0.102s] INFO:colcon.colcon_core.executor:Executing jobs using 'parallel' executor
[0.103s] DEBUG:colcon.colcon_parallel_executor.executor.parallel:run_until_complete
[0.103s] INFO:colcon.colcon_ros.task.ament_cmake.build:Building ROS package in '/root/pika_ros/src/sensor_tools' with build type 'ament_cmake'
[0.103s] INFO:colcon.colcon_cmake.task.cmake.build:Building CMake package in '/root/pika_ros/src/sensor_tools'
[0.103s] INFO:colcon.colcon_core.plugin_system:Skipping extension 'colcon_core.shell.bat': Not used on non-Windows systems
[0.104s] INFO:colcon.colcon_core.shell:Skip shell extension 'powershell' for command environment: Not usable outside of PowerShell
[0.104s] DEBUG:colcon.colcon_core.shell:Skip shell extension 'dsv' for command environment
[0.107s] DEBUG:colcon.colcon_core.event_handler.log_command:Invoking command in '/root/pika_ros/build/sensor_tools': CMAKE_PREFIX_PATH=/opt/ros/humble /usr/bin/cmake /root/pika_ros/src/sensor_tools -DCMAKE_INSTALL_PREFIX=/root/pika_ros/install/sensor_tools
[1.633s] DEBUG:colcon.colcon_core.event_handler.log_command:Invoked command in '/root/pika_ros/build/sensor_tools' returned '1': CMAKE_PREFIX_PATH=/opt/ros/humble /usr/bin/cmake /root/pika_ros/src/sensor_tools -DCMAKE_INSTALL_PREFIX=/root/pika_ros/install/sensor_tools
[1.638s] Level 1:colcon.colcon_core.environment:create_environment_scripts_only(sensor_tools)
[1.639s] Level 1:colcon.colcon_core.environment:checking '/root/pika_ros/install/sensor_tools' for CMake module files
[1.640s] Level 1:colcon.colcon_core.environment:checking '/root/pika_ros/install/sensor_tools' for CMake config files
[1.640s] Level 1:colcon.colcon_core.shell:create_environment_hook('sensor_tools', 'cmake_prefix_path')
[1.640s] INFO:colcon.colcon_core.shell:Creating environment hook '/root/pika_ros/install/sensor_tools/share/sensor_tools/hook/cmake_prefix_path.ps1'
[1.641s] INFO:colcon.colcon_core.shell:Creating environment descriptor '/root/pika_ros/install/sensor_tools/share/sensor_tools/hook/cmake_prefix_path.dsv'
[1.642s] INFO:colcon.colcon_core.shell:Creating environment hook '/root/pika_ros/install/sensor_tools/share/sensor_tools/hook/cmake_prefix_path.sh'
[1.643s] Level 1:colcon.colcon_core.environment:checking '/root/pika_ros/install/sensor_tools/lib'
[1.643s] Level 1:colcon.colcon_core.environment:checking '/root/pika_ros/install/sensor_tools/bin'
[1.643s] Level 1:colcon.colcon_core.environment:checking '/root/pika_ros/install/sensor_tools/lib/pkgconfig/sensor_tools.pc'
[1.643s] Level 1:colcon.colcon_core.environment:checking '/root/pika_ros/install/sensor_tools/lib/python3.10/site-packages'
[1.643s] Level 1:colcon.colcon_core.environment:checking '/root/pika_ros/install/sensor_tools/bin'
[1.643s] INFO:colcon.colcon_core.shell:Creating package script '/root/pika_ros/install/sensor_tools/share/sensor_tools/package.ps1'
[1.644s] INFO:colcon.colcon_core.shell:Creating package descriptor '/root/pika_ros/install/sensor_tools/share/sensor_tools/package.dsv'
[1.644s] INFO:colcon.colcon_core.shell:Creating package script '/root/pika_ros/install/sensor_tools/share/sensor_tools/package.sh'
[1.645s] INFO:colcon.colcon_core.shell:Creating package script '/root/pika_ros/install/sensor_tools/share/sensor_tools/package.bash'
[1.645s] INFO:colcon.colcon_core.shell:Creating package script '/root/pika_ros/install/sensor_tools/share/sensor_tools/package.zsh'
[1.646s] Level 1:colcon.colcon_core.environment:create_file_with_runtime_dependencies(/root/pika_ros/install/sensor_tools/share/colcon-core/packages/sensor_tools)
[1.657s] DEBUG:colcon.colcon_parallel_executor.executor.parallel:closing loop
[1.657s] DEBUG:colcon.colcon_parallel_executor.executor.parallel:loop closed
[1.657s] DEBUG:colcon.colcon_parallel_executor.executor.parallel:run_until_complete finished with '1'
[1.657s] DEBUG:colcon.colcon_core.event_reactor:joining thread
[1.660s] INFO:colcon.colcon_core.plugin_system:Skipping extension 'colcon_notification.desktop_notification.terminal_notifier': Not used on non-Darwin systems
[1.660s] INFO:colcon.colcon_core.plugin_system:Skipping extension 'colcon_notification.desktop_notification.win32': Not used on non-Windows systems
[1.660s] INFO:colcon.colcon_notification.desktop_notification:Sending desktop notification using 'notify2'
[1.848s] DEBUG:colcon.colcon_core.event_reactor:joined thread
[1.848s] INFO:colcon.colcon_core.shell:Creating prefix script '/root/pika_ros/install/local_setup.ps1'
[1.851s] INFO:colcon.colcon_core.shell:Creating prefix util module '/root/pika_ros/install/_local_setup_util_ps1.py'
[1.852s] INFO:colcon.colcon_core.shell:Creating prefix chain script '/root/pika_ros/install/setup.ps1'
[1.852s] INFO:colcon.colcon_core.shell:Creating prefix script '/root/pika_ros/install/local_setup.sh'
[1.853s] INFO:colcon.colcon_core.shell:Creating prefix util module '/root/pika_ros/install/_local_setup_util_sh.py'
[1.853s] INFO:colcon.colcon_core.shell:Creating prefix chain script '/root/pika_ros/install/setup.sh'
[1.854s] INFO:colcon.colcon_core.shell:Creating prefix script '/root/pika_ros/install/local_setup.bash'
[1.854s] INFO:colcon.colcon_core.shell:Creating prefix chain script '/root/pika_ros/install/setup.bash'
[1.855s] INFO:colcon.colcon_core.shell:Creating prefix script '/root/pika_ros/install/local_setup.zsh'
[1.856s] INFO:colcon.colcon_core.shell:Creating prefix chain script '/root/pika_ros/install/setup.zsh'
