-- Found ament_cmake: 1.3.12 (/opt/ros/humble/share/ament_cmake/cmake)
-- Override CMake install command with custom implementation using symlinks instead of copying resources
-- Found rclcpp: 16.0.15 (/opt/ros/humble/share/rclcpp/cmake)
-- Found rosidl_generator_c: 3.1.7 (/opt/ros/humble/share/rosidl_generator_c/cmake)
-- Found rosidl_adapter: 3.1.7 (/opt/ros/humble/share/rosidl_adapter/cmake)
-- Found rosidl_generator_cpp: 3.1.7 (/opt/ros/humble/share/rosidl_generator_cpp/cmake)
-- Using all available rosidl_typesupport_c: rosidl_typesupport_fastrtps_c;rosidl_typesupport_introspection_c
-- Using all available rosidl_typesupport_cpp: rosidl_typesupport_fastrtps_cpp;rosidl_typesupport_introspection_cpp
-- Found rmw_implementation_cmake: 6.1.2 (/opt/ros/humble/share/rmw_implementation_cmake/cmake)
-- Found rmw_fastrtps_cpp: 6.2.8 (/opt/ros/humble/share/rmw_fastrtps_cpp/cmake)
-- Using RMW implementation 'rmw_fastrtps_cpp' as default
-- Found rclpy: 3.3.17 (/opt/ros/humble/share/rclpy/cmake)
-- Found cv_bridge: 3.2.1 (/opt/ros/humble/share/cv_bridge/cmake)
-- Found std_srvs: 4.9.0 (/opt/ros/humble/share/std_srvs/cmake)
-- Found nav_msgs: 4.9.0 (/opt/ros/humble/share/nav_msgs/cmake)
-- Found visualization_msgs: 4.9.0 (/opt/ros/humble/share/visualization_msgs/cmake)
-- Found pcl_conversions: 2.4.5 (/opt/ros/humble/share/pcl_conversions/cmake)
-- Eigen found (include: /usr/include/eigen3, version: 3.4.0)
-- FLANN found (include: /usr/include, lib: /usr/lib/x86_64-linux-gnu/libflann_cpp.so)
-- OpenNI found (version: 1.5.4.0, include: /usr/include/ni, lib: /usr/lib/libOpenNI.so;libusb::libusb)
-- OpenNI2 found (version: 2.2.0.33, include: /usr/include/openni2, lib: /usr/lib/x86_64-linux-gnu/libOpenNI2.so;libusb::libusb)
-- Eigen found (include: /usr/include/eigen3, version: 3.4.0)
-- OpenNI found (version: 1.5.4.0, include: /usr/include/ni, lib: /usr/lib/libOpenNI.so;libusb::libusb)
-- OpenNI2 found (version: 2.2.0.33, include: /usr/include/openni2, lib: /usr/lib/x86_64-linux-gnu/libOpenNI2.so;libusb::libusb)
-- Found Qhull version 8.0.2
-- OpenNI found (version: 1.5.4.0, include: /usr/include/ni, lib: /usr/lib/libOpenNI.so;libusb::libusb)
-- Found tf2: 0.25.16 (/opt/ros/humble/share/tf2/cmake)
-- Found tf2_geometry_msgs: 0.25.16 (/opt/ros/humble/share/tf2_geometry_msgs/cmake)
-- Found eigen3_cmake_module: 0.1.1 (/opt/ros/humble/share/eigen3_cmake_module/cmake)
-- Ensuring Eigen3 include directory is part of orocos-kdl CMake target
-- Found tf2_sensor_msgs: 0.25.16 (/opt/ros/humble/share/tf2_sensor_msgs/cmake)
-- Found tf2_eigen: 0.25.16 (/opt/ros/humble/share/tf2_eigen/cmake)
-- Found data_msgs: 0.0.0 (/root/pika_ros/install/data_msgs/share/data_msgs/cmake)
-- Found ament_lint_auto: 0.12.14 (/opt/ros/humble/share/ament_lint_auto/cmake)
-- Added test 'cppcheck' to perform static code analysis on C / C++ code
-- Configured cppcheck include dirs: /root/pika_ros/src/sensor_tools/include
-- Configured cppcheck exclude dirs and/or files: 
-- Added test 'flake8' to check Python code syntax and style conventions
-- Added test 'lint_cmake' to check CMake code style
-- Added test 'pep257' to check Python code against some of the docstring style conventions in PEP 257
-- Added test 'uncrustify' to check C / C++ code style
-- Configured uncrustify additional arguments: 
-- Added test 'xmllint' to check XML markup files
-- Configuring done
-- Generating done
-- Build files have been written to: /root/pika_ros/build/sensor_tools
[ 50%] [32mBuilding CXX object CMakeFiles/serial_gripper_imu.dir/src/serial_gripper_imu.cpp.o[0m
[01m[K/root/pika_ros/src/sensor_tools/src/serial_gripper_imu.cpp:[m[K In function ‘[01m[Kbool find_json(std::string&, int&, int&)[m[K’:
[01m[K/root/pika_ros/src/sensor_tools/src/serial_gripper_imu.cpp:69:23:[m[K [01;35m[Kwarning: [m[Kcomparison of integer expressions of different signedness: ‘[01m[Kint[m[K’ and ‘[01m[Kstd::__cxx11::basic_string<char>::size_type[m[K’ {aka ‘[01m[Klong unsigned int[m[K’} [[01;35m[K-Wsign-compare[m[K]
   69 |         for(int i=0; [01;35m[Ki<msg.size()[m[K; i++){
      |                      [01;35m[K~^~~~~~~~~~~[m[K
[01m[K/root/pika_ros/src/sensor_tools/src/serial_gripper_imu.cpp:68:13:[m[K [01;35m[Kwarning: [m[Kunused variable ‘[01m[Kcount[m[K’ [[01;35m[K-Wunused-variable[m[K]
   68 |         int [01;35m[Kcount[m[K = 0;
      |             [01;35m[K^~~~~[m[K
[01m[K/root/pika_ros/src/sensor_tools/src/serial_gripper_imu.cpp:[m[K In member function ‘[01m[Kvoid RosOperator::jointStateCtrlHandler(sensor_msgs::msg::JointState_<std::allocator<void> >::SharedPtr)[m[K’:
[01m[K/root/pika_ros/src/sensor_tools/src/serial_gripper_imu.cpp:437:23:[m[K [01;35m[Kwarning: [m[Kunused variable ‘[01m[KmotorCurrent[m[K’ [[01;35m[K-Wunused-variable[m[K]
  437 |                 float [01;35m[KmotorCurrent[m[K = this->motorCurrent;
      |                       [01;35m[K^~~~~~~~~~~~[m[K
[01m[K/root/pika_ros/src/sensor_tools/src/serial_gripper_imu.cpp:438:23:[m[K [01;35m[Kwarning: [m[Kunused variable ‘[01m[KmotorAngle[m[K’ [[01;35m[K-Wunused-variable[m[K]
  438 |                 float [01;35m[KmotorAngle[m[K = this->angle;
      |                       [01;35m[K^~~~~~~~~~[m[K
[01m[K/root/pika_ros/src/sensor_tools/src/serial_gripper_imu.cpp:[m[K In member function ‘[01m[Kvoid RosOperator::gripperCtrlHandler(data_msgs::msg::Gripper_<std::allocator<void> >::SharedPtr)[m[K’:
[01m[K/root/pika_ros/src/sensor_tools/src/serial_gripper_imu.cpp:497:128:[m[K [01;35m[Kwarning: [m[Knarrowing conversion of ‘[01m[K((const std::__shared_ptr_access<data_msgs::msg::Gripper_<std::allocator<void> >, __gnu_cxx::_S_atomic, false, false>*)(& msg))->std::__shared_ptr_access<data_msgs::msg::Gripper_<std::allocator<void> >, __gnu_cxx::_S_atomic, false, false>::operator->()->data_msgs::msg::Gripper_<std::allocator<void> >::effort[m[K’ from ‘[01m[Kdata_msgs::msg::Gripper_<std::allocator<void> >::_effort_type[m[K’ {aka ‘[01m[Kdouble[m[K’} to ‘[01m[Kfloat[m[K’ [[01;35m[K-Wnarrowing[m[K]
  497 |                                 std::vector<uint8_t> command = createBinaryCommand<float>(EFFORT_CTRL, std::vector<float>{[01;35m[Kmsg->effort[m[K});
      |                                                                                                                           [01;35m[K~~~~~^~~~~~[m[K
[01m[K/root/pika_ros/src/sensor_tools/src/serial_gripper_imu.cpp:497:128:[m[K [01;35m[Kwarning: [m[Knarrowing conversion of ‘[01m[K((const std::__shared_ptr_access<data_msgs::msg::Gripper_<std::allocator<void> >, __gnu_cxx::_S_atomic, false, false>*)(& msg))->std::__shared_ptr_access<data_msgs::msg::Gripper_<std::allocator<void> >, __gnu_cxx::_S_atomic, false, false>::operator->()->data_msgs::msg::Gripper_<std::allocator<void> >::effort[m[K’ from ‘[01m[Kdata_msgs::msg::Gripper_<std::allocator<void> >::_effort_type[m[K’ {aka ‘[01m[Kdouble[m[K’} to ‘[01m[Kfloat[m[K’ [[01;35m[K-Wnarrowing[m[K]
[01m[K/root/pika_ros/src/sensor_tools/src/serial_gripper_imu.cpp:506:130:[m[K [01;35m[Kwarning: [m[Knarrowing conversion of ‘[01m[K((const std::__shared_ptr_access<data_msgs::msg::Gripper_<std::allocator<void> >, __gnu_cxx::_S_atomic, false, false>*)(& msg))->std::__shared_ptr_access<data_msgs::msg::Gripper_<std::allocator<void> >, __gnu_cxx::_S_atomic, false, false>::operator->()->data_msgs::msg::Gripper_<std::allocator<void> >::velocity[m[K’ from ‘[01m[Kdata_msgs::msg::Gripper_<std::allocator<void> >::_velocity_type[m[K’ {aka ‘[01m[Kdouble[m[K’} to ‘[01m[Kfloat[m[K’ [[01;35m[K-Wnarrowing[m[K]
  506 |                                 std::vector<uint8_t> command = createBinaryCommand<float>(VELOCITY_CTRL, std::vector<float>{[01;35m[Kmsg->velocity[m[K, msg->velocity});
      |                                                                                                                             [01;35m[K~~~~~^~~~~~~~[m[K
[01m[K/root/pika_ros/src/sensor_tools/src/serial_gripper_imu.cpp:506:130:[m[K [01;35m[Kwarning: [m[Knarrowing conversion of ‘[01m[K((const std::__shared_ptr_access<data_msgs::msg::Gripper_<std::allocator<void> >, __gnu_cxx::_S_atomic, false, false>*)(& msg))->std::__shared_ptr_access<data_msgs::msg::Gripper_<std::allocator<void> >, __gnu_cxx::_S_atomic, false, false>::operator->()->data_msgs::msg::Gripper_<std::allocator<void> >::velocity[m[K’ from ‘[01m[Kdata_msgs::msg::Gripper_<std::allocator<void> >::_velocity_type[m[K’ {aka ‘[01m[Kdouble[m[K’} to ‘[01m[Kfloat[m[K’ [[01;35m[K-Wnarrowing[m[K]
[01m[K/root/pika_ros/src/sensor_tools/src/serial_gripper_imu.cpp:506:145:[m[K [01;35m[Kwarning: [m[Knarrowing conversion of ‘[01m[K((const std::__shared_ptr_access<data_msgs::msg::Gripper_<std::allocator<void> >, __gnu_cxx::_S_atomic, false, false>*)(& msg))->std::__shared_ptr_access<data_msgs::msg::Gripper_<std::allocator<void> >, __gnu_cxx::_S_atomic, false, false>::operator->()->data_msgs::msg::Gripper_<std::allocator<void> >::velocity[m[K’ from ‘[01m[Kdata_msgs::msg::Gripper_<std::allocator<void> >::_velocity_type[m[K’ {aka ‘[01m[Kdouble[m[K’} to ‘[01m[Kfloat[m[K’ [[01;35m[K-Wnarrowing[m[K]
  506 |                                 std::vector<uint8_t> command = createBinaryCommand<float>(VELOCITY_CTRL, std::vector<float>{msg->velocity, [01;35m[Kmsg->velocity[m[K});
      |                                                                                                                                            [01;35m[K~~~~~^~~~~~~~[m[K
[01m[K/root/pika_ros/src/sensor_tools/src/serial_gripper_imu.cpp:506:145:[m[K [01;35m[Kwarning: [m[Knarrowing conversion of ‘[01m[K((const std::__shared_ptr_access<data_msgs::msg::Gripper_<std::allocator<void> >, __gnu_cxx::_S_atomic, false, false>*)(& msg))->std::__shared_ptr_access<data_msgs::msg::Gripper_<std::allocator<void> >, __gnu_cxx::_S_atomic, false, false>::operator->()->data_msgs::msg::Gripper_<std::allocator<void> >::velocity[m[K’ from ‘[01m[Kdata_msgs::msg::Gripper_<std::allocator<void> >::_velocity_type[m[K’ {aka ‘[01m[Kdouble[m[K’} to ‘[01m[Kfloat[m[K’ [[01;35m[K-Wnarrowing[m[K]
[01m[K/root/pika_ros/src/sensor_tools/src/serial_gripper_imu.cpp:524:31:[m[K [01;35m[Kwarning: [m[Kunused variable ‘[01m[KmotorCurrent[m[K’ [[01;35m[K-Wunused-variable[m[K]
  524 |                         float [01;35m[KmotorCurrent[m[K = this->motorCurrent;
      |                               [01;35m[K^~~~~~~~~~~~[m[K
[01m[K/root/pika_ros/src/sensor_tools/src/serial_gripper_imu.cpp:525:31:[m[K [01;35m[Kwarning: [m[Kunused variable ‘[01m[KmotorAngle[m[K’ [[01;35m[K-Wunused-variable[m[K]
  525 |                         float [01;35m[KmotorAngle[m[K = this->angle;
      |                               [01;35m[K^~~~~~~~~~[m[K
[01m[K/root/pika_ros/src/sensor_tools/src/serial_gripper_imu.cpp:[m[K In member function ‘[01m[Kvoid RosOperator::receiving()[m[K’:
[01m[K/root/pika_ros/src/sensor_tools/src/serial_gripper_imu.cpp:664:52:[m[K [01;35m[Kwarning: [m[Kcomparison of integer expressions of different signedness: ‘[01m[Kint[m[K’ and ‘[01m[Kstd::__cxx11::basic_string<char>::size_type[m[K’ {aka ‘[01m[Klong unsigned int[m[K’} [[01;35m[K-Wsign-compare[m[K]
  664 |                                         if([01;35m[Kend + 1 < msg.size()[m[K)
      |                                            [01;35m[K~~~~~~~~^~~~~~~~~~~~[m[K
/root/pika_ros/src/sensor_tools/src/serial_gripper_imu.cpp: In instantiation of ‘[01m[Kstd::vector<unsigned char, std::allocator<unsigned char> > RosOperator::createBinaryCommand(uint8_t, std::vector<BufferT>, bool) [with T = float; uint8_t = unsigned char][m[K’:
[01m[K/root/pika_ros/src/sensor_tools/src/serial_gripper_imu.cpp:280:61:[m[K   required from here
[01m[K/root/pika_ros/src/sensor_tools/src/serial_gripper_imu.cpp:153:39:[m[K [01;35m[Kwarning: [m[Kcomparison of integer expressions of different signedness: ‘[01m[Kint[m[K’ and ‘[01m[Kstd::vector<float>::size_type[m[K’ {aka ‘[01m[Klong unsigned int[m[K’} [[01;35m[K-Wsign-compare[m[K]
  153 |                         for(int i=0; [01;35m[Ki<values.size()[m[K; i++){
      |                                      [01;35m[K~^~~~~~~~~~~~~~[m[K
[01m[K/root/pika_ros/src/sensor_tools/src/serial_gripper_imu.cpp:171:39:[m[K [01;35m[Kwarning: [m[Kcomparison of integer expressions of different signedness: ‘[01m[Kint[m[K’ and ‘[01m[Kstd::vector<float>::size_type[m[K’ {aka ‘[01m[Klong unsigned int[m[K’} [[01;35m[K-Wsign-compare[m[K]
  171 |                         for(int i=0; [01;35m[Ki<values.size()[m[K; i++){
      |                                      [01;35m[K~^~~~~~~~~~~~~~[m[K
/root/pika_ros/src/sensor_tools/src/serial_gripper_imu.cpp: In instantiation of ‘[01m[Kstd::vector<unsigned char, std::allocator<unsigned char> > RosOperator::createBinaryCommand(uint8_t, std::vector<BufferT>, bool) [with T = int; uint8_t = unsigned char][m[K’:
[01m[K/root/pika_ros/src/sensor_tools/src/serial_gripper_imu.cpp:325:60:[m[K   required from here
[01m[K/root/pika_ros/src/sensor_tools/src/serial_gripper_imu.cpp:153:39:[m[K [01;35m[Kwarning: [m[Kcomparison of integer expressions of different signedness: ‘[01m[Kint[m[K’ and ‘[01m[Kstd::vector<int>::size_type[m[K’ {aka ‘[01m[Klong unsigned int[m[K’} [[01;35m[K-Wsign-compare[m[K]
  153 |                         for(int i=0; [01;35m[Ki<values.size()[m[K; i++){
      |                                      [01;35m[K~^~~~~~~~~~~~~~[m[K
[01m[K/root/pika_ros/src/sensor_tools/src/serial_gripper_imu.cpp:171:39:[m[K [01;35m[Kwarning: [m[Kcomparison of integer expressions of different signedness: ‘[01m[Kint[m[K’ and ‘[01m[Kstd::vector<int>::size_type[m[K’ {aka ‘[01m[Klong unsigned int[m[K’} [[01;35m[K-Wsign-compare[m[K]
  171 |                         for(int i=0; [01;35m[Ki<values.size()[m[K; i++){
      |                                      [01;35m[K~^~~~~~~~~~~~~~[m[K
[100%] [32m[1mLinking CXX executable serial_gripper_imu[0m
[100%] Built target serial_gripper_imu
-- Install configuration: ""
-- Execute custom install script
-- Symlinking: /root/pika_ros/install/sensor_tools/share/sensor_tools//launch/open_fisheye.launch.py
-- Symlinking: /root/pika_ros/install/sensor_tools/share/sensor_tools//launch/open_multi_gripper.launch.py
-- Symlinking: /root/pika_ros/install/sensor_tools/share/sensor_tools//launch/open_multi_sensor.launch.py
-- Symlinking: /root/pika_ros/install/sensor_tools/share/sensor_tools//launch/open_sensor_gripper.launch.py
-- Symlinking: /root/pika_ros/install/sensor_tools/share/sensor_tools//launch/open_single_gripper.launch.py
-- Symlinking: /root/pika_ros/install/sensor_tools/share/sensor_tools//launch/open_single_sensor.launch.py
-- Symlinking: /root/pika_ros/install/sensor_tools/share/sensor_tools//scripts/81-vive.rules
-- Symlinking: /root/pika_ros/install/sensor_tools/share/sensor_tools//scripts/calibration.bash
-- Symlinking: /root/pika_ros/install/sensor_tools/share/sensor_tools//scripts/find_usb_camera.py
-- Symlinking: /root/pika_ros/install/sensor_tools/share/sensor_tools//scripts/multi_transmit_topics.py
-- Symlinking: /root/pika_ros/install/sensor_tools/share/sensor_tools//scripts/pika_localization_setup.bash
-- Symlinking: /root/pika_ros/install/sensor_tools/share/sensor_tools//scripts/setup_device.py
-- Symlinking: /root/pika_ros/install/sensor_tools/share/sensor_tools//scripts/setup_multi_gripper.bash
-- Symlinking: /root/pika_ros/install/sensor_tools/share/sensor_tools//scripts/setup_multi_sensor.bash
-- Symlinking: /root/pika_ros/install/sensor_tools/share/sensor_tools//scripts/setup_sensor_gripper.bash
-- Symlinking: /root/pika_ros/install/sensor_tools/share/sensor_tools//scripts/single_transmit_topics.py
-- Symlinking: /root/pika_ros/install/sensor_tools/share/sensor_tools//scripts/start_multi_gripper.bash
-- Symlinking: /root/pika_ros/install/sensor_tools/share/sensor_tools//scripts/start_multi_sensor.bash
-- Symlinking: /root/pika_ros/install/sensor_tools/share/sensor_tools//scripts/start_sensor_gripper.bash
-- Symlinking: /root/pika_ros/install/sensor_tools/share/sensor_tools//scripts/start_single_gripper.bash
-- Symlinking: /root/pika_ros/install/sensor_tools/share/sensor_tools//scripts/start_single_sensor.bash
-- Symlinking: /root/pika_ros/install/sensor_tools/share/sensor_tools//scripts/usb_camera.py
-- Symlinking: /root/pika_ros/install/sensor_tools/lib/sensor_tools/serial_gripper_imu
-- Symlinking: /root/pika_ros/install/sensor_tools/include/.keep
-- Symlinking: /root/pika_ros/install/sensor_tools/lib/sensor_tools/usb_camera.py
-- Symlinking: /root/pika_ros/install/sensor_tools/share/ament_index/resource_index/package_run_dependencies/sensor_tools
-- Symlinking: /root/pika_ros/install/sensor_tools/share/ament_index/resource_index/parent_prefix_path/sensor_tools
-- Symlinking: /root/pika_ros/install/sensor_tools/share/sensor_tools/environment/ament_prefix_path.sh
-- Symlinking: /root/pika_ros/install/sensor_tools/share/sensor_tools/environment/ament_prefix_path.dsv
-- Symlinking: /root/pika_ros/install/sensor_tools/share/sensor_tools/environment/path.sh
-- Symlinking: /root/pika_ros/install/sensor_tools/share/sensor_tools/environment/path.dsv
-- Symlinking: /root/pika_ros/install/sensor_tools/share/sensor_tools/local_setup.bash
-- Symlinking: /root/pika_ros/install/sensor_tools/share/sensor_tools/local_setup.sh
-- Symlinking: /root/pika_ros/install/sensor_tools/share/sensor_tools/local_setup.zsh
-- Symlinking: /root/pika_ros/install/sensor_tools/share/sensor_tools/local_setup.dsv
-- Symlinking: /root/pika_ros/install/sensor_tools/share/sensor_tools/package.dsv
-- Symlinking: /root/pika_ros/install/sensor_tools/share/ament_index/resource_index/packages/sensor_tools
-- Symlinking: /root/pika_ros/install/sensor_tools/share/sensor_tools/cmake/ament_cmake_export_include_directories-extras.cmake
-- Symlinking: /root/pika_ros/install/sensor_tools/share/sensor_tools/cmake/sensor_toolsConfig.cmake
-- Symlinking: /root/pika_ros/install/sensor_tools/share/sensor_tools/cmake/sensor_toolsConfig-version.cmake
-- Symlinking: /root/pika_ros/install/sensor_tools/share/sensor_tools/package.xml
