[0.006s] Invoking command in '/root/pika_ros/build/sensor_tools': CMAKE_PREFIX_PATH=${CMAKE_PREFIX_PATH}:/root/pika_ros/install/piper:/opt/ros/humble /usr/bin/cmake /root/pika_ros/src/sensor_tools -DAMENT_CMAKE_SYMLINK_INSTALL=1 -DCMAKE_INSTALL_PREFIX=/root/pika_ros/install/sensor_tools
[0.012s] -- Found ament_cmake: 1.3.12 (/opt/ros/humble/share/ament_cmake/cmake)
[0.072s] -- Override CMake install command with custom implementation using symlinks instead of copying resources
[0.077s] -- Found rclcpp: 16.0.15 (/opt/ros/humble/share/rclcpp/cmake)
[0.089s] -- Found rosidl_generator_c: 3.1.7 (/opt/ros/humble/share/rosidl_generator_c/cmake)
[0.090s] -- Found rosidl_adapter: 3.1.7 (/opt/ros/humble/share/rosidl_adapter/cmake)
[0.092s] -- Found rosidl_generator_cpp: 3.1.7 (/opt/ros/humble/share/rosidl_generator_cpp/cmake)
[0.096s] -- Using all available rosidl_typesupport_c: rosidl_typesupport_fastrtps_c;rosidl_typesupport_introspection_c
[0.101s] -- Using all available rosidl_typesupport_cpp: rosidl_typesupport_fastrtps_cpp;rosidl_typesupport_introspection_cpp
[0.113s] -- Found rmw_implementation_cmake: 6.1.2 (/opt/ros/humble/share/rmw_implementation_cmake/cmake)
[0.113s] -- Found rmw_fastrtps_cpp: 6.2.8 (/opt/ros/humble/share/rmw_fastrtps_cpp/cmake)
[0.172s] -- Using RMW implementation 'rmw_fastrtps_cpp' as default
[0.191s] -- Found rclpy: 3.3.17 (/opt/ros/humble/share/rclpy/cmake)
[0.191s] -- Found cv_bridge: 3.2.1 (/opt/ros/humble/share/cv_bridge/cmake)
[0.205s] -- Found std_srvs: 4.9.0 (/opt/ros/humble/share/std_srvs/cmake)
[0.208s] -- Found nav_msgs: 4.9.0 (/opt/ros/humble/share/nav_msgs/cmake)
[0.214s] -- Found visualization_msgs: 4.9.0 (/opt/ros/humble/share/visualization_msgs/cmake)
[0.221s] -- Found pcl_conversions: 2.4.5 (/opt/ros/humble/share/pcl_conversions/cmake)
[0.235s] -- Eigen found (include: /usr/include/eigen3, version: 3.4.0)
[0.254s] -- FLANN found (include: /usr/include, lib: /usr/lib/x86_64-linux-gnu/libflann_cpp.so)
[0.391s] -- OpenNI found (version: 1.5.4.0, include: /usr/include/ni, lib: /usr/lib/libOpenNI.so;libusb::libusb)
[0.393s] -- OpenNI2 found (version: 2.2.0.33, include: /usr/include/openni2, lib: /usr/lib/x86_64-linux-gnu/libOpenNI2.so;libusb::libusb)
[0.464s] -- Eigen found (include: /usr/include/eigen3, version: 3.4.0)
[0.467s] -- OpenNI found (version: 1.5.4.0, include: /usr/include/ni, lib: /usr/lib/libOpenNI.so;libusb::libusb)
[0.470s] -- OpenNI2 found (version: 2.2.0.33, include: /usr/include/openni2, lib: /usr/lib/x86_64-linux-gnu/libOpenNI2.so;libusb::libusb)
[0.536s] -- Found Qhull version 8.0.2
[0.601s] -- OpenNI found (version: 1.5.4.0, include: /usr/include/ni, lib: /usr/lib/libOpenNI.so;libusb::libusb)
[0.666s] -- Found tf2: 0.25.16 (/opt/ros/humble/share/tf2/cmake)
[0.667s] -- Found tf2_geometry_msgs: 0.25.16 (/opt/ros/humble/share/tf2_geometry_msgs/cmake)
[0.669s] -- Found eigen3_cmake_module: 0.1.1 (/opt/ros/humble/share/eigen3_cmake_module/cmake)
[0.669s] -- Ensuring Eigen3 include directory is part of orocos-kdl CMake target
[0.698s] -- Found tf2_sensor_msgs: 0.25.16 (/opt/ros/humble/share/tf2_sensor_msgs/cmake)
[0.700s] -- Found tf2_eigen: 0.25.16 (/opt/ros/humble/share/tf2_eigen/cmake)
[0.708s] -- Found data_msgs: 0.0.0 (/root/pika_ros/install/data_msgs/share/data_msgs/cmake)
[0.724s] -- Found ament_lint_auto: 0.12.14 (/opt/ros/humble/share/ament_lint_auto/cmake)
[0.773s] -- Added test 'cppcheck' to perform static code analysis on C / C++ code
[0.773s] -- Configured cppcheck include dirs: /root/pika_ros/src/sensor_tools/include
[0.773s] -- Configured cppcheck exclude dirs and/or files: 
[0.773s] -- Added test 'flake8' to check Python code syntax and style conventions
[0.774s] -- Added test 'lint_cmake' to check CMake code style
[0.774s] -- Added test 'pep257' to check Python code against some of the docstring style conventions in PEP 257
[0.775s] -- Added test 'uncrustify' to check C / C++ code style
[0.775s] -- Configured uncrustify additional arguments: 
[0.775s] -- Added test 'xmllint' to check XML markup files
[0.776s] -- Configuring done
[0.795s] -- Generating done
[0.799s] -- Build files have been written to: /root/pika_ros/build/sensor_tools
[0.809s] Invoked command in '/root/pika_ros/build/sensor_tools' returned '0': CMAKE_PREFIX_PATH=${CMAKE_PREFIX_PATH}:/root/pika_ros/install/piper:/opt/ros/humble /usr/bin/cmake /root/pika_ros/src/sensor_tools -DAMENT_CMAKE_SYMLINK_INSTALL=1 -DCMAKE_INSTALL_PREFIX=/root/pika_ros/install/sensor_tools
[0.810s] Invoking command in '/root/pika_ros/build/sensor_tools': CMAKE_PREFIX_PATH=${CMAKE_PREFIX_PATH}:/root/pika_ros/install/piper:/opt/ros/humble /usr/bin/cmake --build /root/pika_ros/build/sensor_tools -- -j24 -l24
[0.835s] [ 50%] [32mBuilding CXX object CMakeFiles/serial_gripper_imu.dir/src/serial_gripper_imu.cpp.o[0m
[2.988s] [01m[K/root/pika_ros/src/sensor_tools/src/serial_gripper_imu.cpp:[m[K In function ‘[01m[Kbool find_json(std::string&, int&, int&)[m[K’:
[2.988s] [01m[K/root/pika_ros/src/sensor_tools/src/serial_gripper_imu.cpp:69:23:[m[K [01;35m[Kwarning: [m[Kcomparison of integer expressions of different signedness: ‘[01m[Kint[m[K’ and ‘[01m[Kstd::__cxx11::basic_string<char>::size_type[m[K’ {aka ‘[01m[Klong unsigned int[m[K’} [[01;35m[K-Wsign-compare[m[K]
[2.988s]    69 |         for(int i=0; [01;35m[Ki<msg.size()[m[K; i++){
[2.988s]       |                      [01;35m[K~^~~~~~~~~~~[m[K
[2.988s] [01m[K/root/pika_ros/src/sensor_tools/src/serial_gripper_imu.cpp:68:13:[m[K [01;35m[Kwarning: [m[Kunused variable ‘[01m[Kcount[m[K’ [[01;35m[K-Wunused-variable[m[K]
[2.988s]    68 |         int [01;35m[Kcount[m[K = 0;
[2.988s]       |             [01;35m[K^~~~~[m[K
[3.164s] [01m[K/root/pika_ros/src/sensor_tools/src/serial_gripper_imu.cpp:[m[K In member function ‘[01m[Kvoid RosOperator::jointStateCtrlHandler(sensor_msgs::msg::JointState_<std::allocator<void> >::SharedPtr)[m[K’:
[3.164s] [01m[K/root/pika_ros/src/sensor_tools/src/serial_gripper_imu.cpp:437:23:[m[K [01;35m[Kwarning: [m[Kunused variable ‘[01m[KmotorCurrent[m[K’ [[01;35m[K-Wunused-variable[m[K]
[3.164s]   437 |                 float [01;35m[KmotorCurrent[m[K = this->motorCurrent;
[3.164s]       |                       [01;35m[K^~~~~~~~~~~~[m[K
[3.164s] [01m[K/root/pika_ros/src/sensor_tools/src/serial_gripper_imu.cpp:438:23:[m[K [01;35m[Kwarning: [m[Kunused variable ‘[01m[KmotorAngle[m[K’ [[01;35m[K-Wunused-variable[m[K]
[3.164s]   438 |                 float [01;35m[KmotorAngle[m[K = this->angle;
[3.164s]       |                       [01;35m[K^~~~~~~~~~[m[K
[3.167s] [01m[K/root/pika_ros/src/sensor_tools/src/serial_gripper_imu.cpp:[m[K In member function ‘[01m[Kvoid RosOperator::gripperCtrlHandler(data_msgs::msg::Gripper_<std::allocator<void> >::SharedPtr)[m[K’:
[3.167s] [01m[K/root/pika_ros/src/sensor_tools/src/serial_gripper_imu.cpp:497:128:[m[K [01;35m[Kwarning: [m[Knarrowing conversion of ‘[01m[K((const std::__shared_ptr_access<data_msgs::msg::Gripper_<std::allocator<void> >, __gnu_cxx::_S_atomic, false, false>*)(& msg))->std::__shared_ptr_access<data_msgs::msg::Gripper_<std::allocator<void> >, __gnu_cxx::_S_atomic, false, false>::operator->()->data_msgs::msg::Gripper_<std::allocator<void> >::effort[m[K’ from ‘[01m[Kdata_msgs::msg::Gripper_<std::allocator<void> >::_effort_type[m[K’ {aka ‘[01m[Kdouble[m[K’} to ‘[01m[Kfloat[m[K’ [[01;35m[K-Wnarrowing[m[K]
[3.167s]   497 |                                 std::vector<uint8_t> command = createBinaryCommand<float>(EFFORT_CTRL, std::vector<float>{[01;35m[Kmsg->effort[m[K});
[3.167s]       |                                                                                                                           [01;35m[K~~~~~^~~~~~[m[K
[3.167s] [01m[K/root/pika_ros/src/sensor_tools/src/serial_gripper_imu.cpp:497:128:[m[K [01;35m[Kwarning: [m[Knarrowing conversion of ‘[01m[K((const std::__shared_ptr_access<data_msgs::msg::Gripper_<std::allocator<void> >, __gnu_cxx::_S_atomic, false, false>*)(& msg))->std::__shared_ptr_access<data_msgs::msg::Gripper_<std::allocator<void> >, __gnu_cxx::_S_atomic, false, false>::operator->()->data_msgs::msg::Gripper_<std::allocator<void> >::effort[m[K’ from ‘[01m[Kdata_msgs::msg::Gripper_<std::allocator<void> >::_effort_type[m[K’ {aka ‘[01m[Kdouble[m[K’} to ‘[01m[Kfloat[m[K’ [[01;35m[K-Wnarrowing[m[K]
[3.167s] [01m[K/root/pika_ros/src/sensor_tools/src/serial_gripper_imu.cpp:506:130:[m[K [01;35m[Kwarning: [m[Knarrowing conversion of ‘[01m[K((const std::__shared_ptr_access<data_msgs::msg::Gripper_<std::allocator<void> >, __gnu_cxx::_S_atomic, false, false>*)(& msg))->std::__shared_ptr_access<data_msgs::msg::Gripper_<std::allocator<void> >, __gnu_cxx::_S_atomic, false, false>::operator->()->data_msgs::msg::Gripper_<std::allocator<void> >::velocity[m[K’ from ‘[01m[Kdata_msgs::msg::Gripper_<std::allocator<void> >::_velocity_type[m[K’ {aka ‘[01m[Kdouble[m[K’} to ‘[01m[Kfloat[m[K’ [[01;35m[K-Wnarrowing[m[K]
[3.167s]   506 |                                 std::vector<uint8_t> command = createBinaryCommand<float>(VELOCITY_CTRL, std::vector<float>{[01;35m[Kmsg->velocity[m[K, msg->velocity});
[3.167s]       |                                                                                                                             [01;35m[K~~~~~^~~~~~~~[m[K
[3.167s] [01m[K/root/pika_ros/src/sensor_tools/src/serial_gripper_imu.cpp:506:130:[m[K [01;35m[Kwarning: [m[Knarrowing conversion of ‘[01m[K((const std::__shared_ptr_access<data_msgs::msg::Gripper_<std::allocator<void> >, __gnu_cxx::_S_atomic, false, false>*)(& msg))->std::__shared_ptr_access<data_msgs::msg::Gripper_<std::allocator<void> >, __gnu_cxx::_S_atomic, false, false>::operator->()->data_msgs::msg::Gripper_<std::allocator<void> >::velocity[m[K’ from ‘[01m[Kdata_msgs::msg::Gripper_<std::allocator<void> >::_velocity_type[m[K’ {aka ‘[01m[Kdouble[m[K’} to ‘[01m[Kfloat[m[K’ [[01;35m[K-Wnarrowing[m[K]
[3.167s] [01m[K/root/pika_ros/src/sensor_tools/src/serial_gripper_imu.cpp:506:145:[m[K [01;35m[Kwarning: [m[Knarrowing conversion of ‘[01m[K((const std::__shared_ptr_access<data_msgs::msg::Gripper_<std::allocator<void> >, __gnu_cxx::_S_atomic, false, false>*)(& msg))->std::__shared_ptr_access<data_msgs::msg::Gripper_<std::allocator<void> >, __gnu_cxx::_S_atomic, false, false>::operator->()->data_msgs::msg::Gripper_<std::allocator<void> >::velocity[m[K’ from ‘[01m[Kdata_msgs::msg::Gripper_<std::allocator<void> >::_velocity_type[m[K’ {aka ‘[01m[Kdouble[m[K’} to ‘[01m[Kfloat[m[K’ [[01;35m[K-Wnarrowing[m[K]
[3.167s]   506 |                                 std::vector<uint8_t> command = createBinaryCommand<float>(VELOCITY_CTRL, std::vector<float>{msg->velocity, [01;35m[Kmsg->velocity[m[K});
[3.167s]       |                                                                                                                                            [01;35m[K~~~~~^~~~~~~~[m[K
[3.167s] [01m[K/root/pika_ros/src/sensor_tools/src/serial_gripper_imu.cpp:506:145:[m[K [01;35m[Kwarning: [m[Knarrowing conversion of ‘[01m[K((const std::__shared_ptr_access<data_msgs::msg::Gripper_<std::allocator<void> >, __gnu_cxx::_S_atomic, false, false>*)(& msg))->std::__shared_ptr_access<data_msgs::msg::Gripper_<std::allocator<void> >, __gnu_cxx::_S_atomic, false, false>::operator->()->data_msgs::msg::Gripper_<std::allocator<void> >::velocity[m[K’ from ‘[01m[Kdata_msgs::msg::Gripper_<std::allocator<void> >::_velocity_type[m[K’ {aka ‘[01m[Kdouble[m[K’} to ‘[01m[Kfloat[m[K’ [[01;35m[K-Wnarrowing[m[K]
[3.167s] [01m[K/root/pika_ros/src/sensor_tools/src/serial_gripper_imu.cpp:524:31:[m[K [01;35m[Kwarning: [m[Kunused variable ‘[01m[KmotorCurrent[m[K’ [[01;35m[K-Wunused-variable[m[K]
[3.167s]   524 |                         float [01;35m[KmotorCurrent[m[K = this->motorCurrent;
[3.167s]       |                               [01;35m[K^~~~~~~~~~~~[m[K
[3.167s] [01m[K/root/pika_ros/src/sensor_tools/src/serial_gripper_imu.cpp:525:31:[m[K [01;35m[Kwarning: [m[Kunused variable ‘[01m[KmotorAngle[m[K’ [[01;35m[K-Wunused-variable[m[K]
[3.167s]   525 |                         float [01;35m[KmotorAngle[m[K = this->angle;
[3.167s]       |                               [01;35m[K^~~~~~~~~~[m[K
[3.168s] [01m[K/root/pika_ros/src/sensor_tools/src/serial_gripper_imu.cpp:[m[K In member function ‘[01m[Kvoid RosOperator::receiving()[m[K’:
[3.168s] [01m[K/root/pika_ros/src/sensor_tools/src/serial_gripper_imu.cpp:664:52:[m[K [01;35m[Kwarning: [m[Kcomparison of integer expressions of different signedness: ‘[01m[Kint[m[K’ and ‘[01m[Kstd::__cxx11::basic_string<char>::size_type[m[K’ {aka ‘[01m[Klong unsigned int[m[K’} [[01;35m[K-Wsign-compare[m[K]
[3.168s]   664 |                                         if([01;35m[Kend + 1 < msg.size()[m[K)
[3.168s]       |                                            [01;35m[K~~~~~~~~^~~~~~~~~~~~[m[K
[3.260s] /root/pika_ros/src/sensor_tools/src/serial_gripper_imu.cpp: In instantiation of ‘[01m[Kstd::vector<unsigned char, std::allocator<unsigned char> > RosOperator::createBinaryCommand(uint8_t, std::vector<BufferT>, bool) [with T = float; uint8_t = unsigned char][m[K’:
[3.260s] [01m[K/root/pika_ros/src/sensor_tools/src/serial_gripper_imu.cpp:280:61:[m[K   required from here
[3.260s] [01m[K/root/pika_ros/src/sensor_tools/src/serial_gripper_imu.cpp:153:39:[m[K [01;35m[Kwarning: [m[Kcomparison of integer expressions of different signedness: ‘[01m[Kint[m[K’ and ‘[01m[Kstd::vector<float>::size_type[m[K’ {aka ‘[01m[Klong unsigned int[m[K’} [[01;35m[K-Wsign-compare[m[K]
[3.260s]   153 |                         for(int i=0; [01;35m[Ki<values.size()[m[K; i++){
[3.261s]       |                                      [01;35m[K~^~~~~~~~~~~~~~[m[K
[3.261s] [01m[K/root/pika_ros/src/sensor_tools/src/serial_gripper_imu.cpp:171:39:[m[K [01;35m[Kwarning: [m[Kcomparison of integer expressions of different signedness: ‘[01m[Kint[m[K’ and ‘[01m[Kstd::vector<float>::size_type[m[K’ {aka ‘[01m[Klong unsigned int[m[K’} [[01;35m[K-Wsign-compare[m[K]
[3.261s]   171 |                         for(int i=0; [01;35m[Ki<values.size()[m[K; i++){
[3.261s]       |                                      [01;35m[K~^~~~~~~~~~~~~~[m[K
[3.261s] /root/pika_ros/src/sensor_tools/src/serial_gripper_imu.cpp: In instantiation of ‘[01m[Kstd::vector<unsigned char, std::allocator<unsigned char> > RosOperator::createBinaryCommand(uint8_t, std::vector<BufferT>, bool) [with T = int; uint8_t = unsigned char][m[K’:
[3.261s] [01m[K/root/pika_ros/src/sensor_tools/src/serial_gripper_imu.cpp:325:60:[m[K   required from here
[3.261s] [01m[K/root/pika_ros/src/sensor_tools/src/serial_gripper_imu.cpp:153:39:[m[K [01;35m[Kwarning: [m[Kcomparison of integer expressions of different signedness: ‘[01m[Kint[m[K’ and ‘[01m[Kstd::vector<int>::size_type[m[K’ {aka ‘[01m[Klong unsigned int[m[K’} [[01;35m[K-Wsign-compare[m[K]
[3.261s]   153 |                         for(int i=0; [01;35m[Ki<values.size()[m[K; i++){
[3.261s]       |                                      [01;35m[K~^~~~~~~~~~~~~~[m[K
[3.261s] [01m[K/root/pika_ros/src/sensor_tools/src/serial_gripper_imu.cpp:171:39:[m[K [01;35m[Kwarning: [m[Kcomparison of integer expressions of different signedness: ‘[01m[Kint[m[K’ and ‘[01m[Kstd::vector<int>::size_type[m[K’ {aka ‘[01m[Klong unsigned int[m[K’} [[01;35m[K-Wsign-compare[m[K]
[3.261s]   171 |                         for(int i=0; [01;35m[Ki<values.size()[m[K; i++){
[3.261s]       |                                      [01;35m[K~^~~~~~~~~~~~~~[m[K
[13.187s] [100%] [32m[1mLinking CXX executable serial_gripper_imu[0m
[14.031s] [100%] Built target serial_gripper_imu
[14.037s] Invoked command in '/root/pika_ros/build/sensor_tools' returned '0': CMAKE_PREFIX_PATH=${CMAKE_PREFIX_PATH}:/root/pika_ros/install/piper:/opt/ros/humble /usr/bin/cmake --build /root/pika_ros/build/sensor_tools -- -j24 -l24
[14.041s] Invoking command in '/root/pika_ros/build/sensor_tools': CMAKE_PREFIX_PATH=${CMAKE_PREFIX_PATH}:/root/pika_ros/install/piper:/opt/ros/humble /usr/bin/cmake --install /root/pika_ros/build/sensor_tools
[14.044s] -- Install configuration: ""
[14.044s] -- Execute custom install script
[14.044s] -- Symlinking: /root/pika_ros/install/sensor_tools/share/sensor_tools//launch/open_fisheye.launch.py
[14.047s] -- Symlinking: /root/pika_ros/install/sensor_tools/share/sensor_tools//launch/open_multi_gripper.launch.py
[14.051s] -- Symlinking: /root/pika_ros/install/sensor_tools/share/sensor_tools//launch/open_multi_sensor.launch.py
[14.055s] -- Symlinking: /root/pika_ros/install/sensor_tools/share/sensor_tools//launch/open_sensor_gripper.launch.py
[14.058s] -- Symlinking: /root/pika_ros/install/sensor_tools/share/sensor_tools//launch/open_single_gripper.launch.py
[14.061s] -- Symlinking: /root/pika_ros/install/sensor_tools/share/sensor_tools//launch/open_single_sensor.launch.py
[14.065s] -- Symlinking: /root/pika_ros/install/sensor_tools/share/sensor_tools//scripts/81-vive.rules
[14.069s] -- Symlinking: /root/pika_ros/install/sensor_tools/share/sensor_tools//scripts/calibration.bash
[14.072s] -- Symlinking: /root/pika_ros/install/sensor_tools/share/sensor_tools//scripts/find_usb_camera.py
[14.075s] -- Symlinking: /root/pika_ros/install/sensor_tools/share/sensor_tools//scripts/multi_transmit_topics.py
[14.078s] -- Symlinking: /root/pika_ros/install/sensor_tools/share/sensor_tools//scripts/pika_localization_setup.bash
[14.082s] -- Symlinking: /root/pika_ros/install/sensor_tools/share/sensor_tools//scripts/setup_device.py
[14.085s] -- Symlinking: /root/pika_ros/install/sensor_tools/share/sensor_tools//scripts/setup_multi_gripper.bash
[14.089s] -- Symlinking: /root/pika_ros/install/sensor_tools/share/sensor_tools//scripts/setup_multi_sensor.bash
[14.092s] -- Symlinking: /root/pika_ros/install/sensor_tools/share/sensor_tools//scripts/setup_sensor_gripper.bash
[14.095s] -- Symlinking: /root/pika_ros/install/sensor_tools/share/sensor_tools//scripts/single_transmit_topics.py
[14.098s] -- Symlinking: /root/pika_ros/install/sensor_tools/share/sensor_tools//scripts/start_multi_gripper.bash
[14.101s] -- Symlinking: /root/pika_ros/install/sensor_tools/share/sensor_tools//scripts/start_multi_sensor.bash
[14.105s] -- Symlinking: /root/pika_ros/install/sensor_tools/share/sensor_tools//scripts/start_sensor_gripper.bash
[14.109s] -- Symlinking: /root/pika_ros/install/sensor_tools/share/sensor_tools//scripts/start_single_gripper.bash
[14.112s] -- Symlinking: /root/pika_ros/install/sensor_tools/share/sensor_tools//scripts/start_single_sensor.bash
[14.116s] -- Symlinking: /root/pika_ros/install/sensor_tools/share/sensor_tools//scripts/usb_camera.py
[14.119s] -- Symlinking: /root/pika_ros/install/sensor_tools/lib/sensor_tools/serial_gripper_imu
[14.125s] -- Symlinking: /root/pika_ros/install/sensor_tools/include/.keep
[14.129s] -- Symlinking: /root/pika_ros/install/sensor_tools/lib/sensor_tools/usb_camera.py
[14.133s] -- Symlinking: /root/pika_ros/install/sensor_tools/share/ament_index/resource_index/package_run_dependencies/sensor_tools
[14.137s] -- Symlinking: /root/pika_ros/install/sensor_tools/share/ament_index/resource_index/parent_prefix_path/sensor_tools
[14.140s] -- Symlinking: /root/pika_ros/install/sensor_tools/share/sensor_tools/environment/ament_prefix_path.sh
[14.144s] -- Symlinking: /root/pika_ros/install/sensor_tools/share/sensor_tools/environment/ament_prefix_path.dsv
[14.148s] -- Symlinking: /root/pika_ros/install/sensor_tools/share/sensor_tools/environment/path.sh
[14.152s] -- Symlinking: /root/pika_ros/install/sensor_tools/share/sensor_tools/environment/path.dsv
[14.155s] -- Symlinking: /root/pika_ros/install/sensor_tools/share/sensor_tools/local_setup.bash
[14.159s] -- Symlinking: /root/pika_ros/install/sensor_tools/share/sensor_tools/local_setup.sh
[14.162s] -- Symlinking: /root/pika_ros/install/sensor_tools/share/sensor_tools/local_setup.zsh
[14.166s] -- Symlinking: /root/pika_ros/install/sensor_tools/share/sensor_tools/local_setup.dsv
[14.169s] -- Symlinking: /root/pika_ros/install/sensor_tools/share/sensor_tools/package.dsv
[14.173s] -- Symlinking: /root/pika_ros/install/sensor_tools/share/ament_index/resource_index/packages/sensor_tools
[14.177s] -- Symlinking: /root/pika_ros/install/sensor_tools/share/sensor_tools/cmake/ament_cmake_export_include_directories-extras.cmake
[14.181s] -- Symlinking: /root/pika_ros/install/sensor_tools/share/sensor_tools/cmake/sensor_toolsConfig.cmake
[14.184s] -- Symlinking: /root/pika_ros/install/sensor_tools/share/sensor_tools/cmake/sensor_toolsConfig-version.cmake
[14.188s] -- Symlinking: /root/pika_ros/install/sensor_tools/share/sensor_tools/package.xml
[14.193s] Invoked command in '/root/pika_ros/build/sensor_tools' returned '0': CMAKE_PREFIX_PATH=${CMAKE_PREFIX_PATH}:/root/pika_ros/install/piper:/opt/ros/humble /usr/bin/cmake --install /root/pika_ros/build/sensor_tools
